 myAd

 Timestamp is 5b06752a (Thu May 24 16:17:46 2018)

 Preferred load address is 0000000180000000

 Start         Length     Name                   Class
 0001:00000000 00092b39H .text                   CODE
 0001:00092b40 000024faH .text$x                 CODE
 0002:00000000 00000109H .CRT$XCA                DATA
 0002:00000110 00000109H .CRT$XCZ                DATA
 0002:00000220 00000109H .CRT$XIA                DATA
 0002:00000330 0000011cH .CRT$XIC                DATA
 0002:00000450 00000109H .CRT$XIZ                DATA
 0002:00000560 00000109H .CRT$XPA                DATA
 0002:00000670 00000113H .CRT$XPX                DATA
 0002:00000788 00000109H .CRT$XPXA               DATA
 0002:00000898 00000109H .CRT$XPZ                DATA
 0002:000009a8 00000109H .CRT$XTA                DATA
 0002:00000ab8 00000109H .CRT$XTZ                DATA
 0002:00000bd0 00013f6eH .rdata                  DATA
 0002:00014b40 0000018bH .rdata$debug            DATA
 0002:00014cd0 0000048bH .rdata$r                DATA
 0002:00015160 00000109H .rtc$IAA                DATA
 0002:00015270 00000109H .rtc$IZZ                DATA
 0002:00015380 00000109H .rtc$TAA                DATA
 0002:00015490 00000109H .rtc$TZZ                DATA
 0002:000155a0 000037a6H .xdata                  DATA
 0002:00018d48 0000019eH .xdata$x                DATA
 0002:00018ef0 0000108cH .edata                  DATA
 0003:00000000 0000243aH .data                   DATA
 0003:00002440 00002871H .bss                    DATA
 0004:00000000 00003798H .pdata                  DATA
 0005:00000000 00000014H .idata$2                DATA
 0005:00000014 00000014H .idata$3                DATA
 0005:00000028 00000378H .idata$4                DATA
 0005:000003a0 00000378H .idata$5                DATA
 0005:00000718 000007adH .idata$6                DATA
 0006:00000000 00000169H .rsrc$01                DATA
 0006:00000170 000004dcH .rsrc$02                DATA

  Address         Publics by Value              Rva+Base               Lib:Object

 0000:00000000       ___safe_se_handler_count   0000000000000000     <absolute>
 0000:00000000       ___safe_se_handler_table   0000000000000000     <absolute>
 0000:00000000       __ImageBase                0000000180000000     <linker-defined>
 0001:00000710       longest_match              0000000180001710 f   gvmat64.obj
 0001:000009e9       match_init                 00000001800019e9 f   gvmat64.obj
 0001:00000aa0       inffas8664fnc              0000000180001aa0 f   inffasx64.obj
 0001:00000e80       adler32_z                  0000000180001e80 f   adler32.obj
 0001:000015a0       adler32                    00000001800025a0 f   adler32.obj
 0001:000015e0       adler32_combine            00000001800025e0 f   adler32.obj
 0001:00001750       adler32_combine64          0000000180002750 f   adler32.obj
 0001:000019c0       compress2                  00000001800029c0 f   compress.obj
 0001:00001bd0       compress                   0000000180002bd0 f   compress.obj
 0001:00001c20       compressBound              0000000180002c20 f   compress.obj
 0001:00001cf0       get_crc_table              0000000180002cf0 f   crc32.obj
 0001:00001d00       crc32_z                    0000000180002d00 f   crc32.obj
 0001:00001fe0       crc32                      0000000180002fe0 f   crc32.obj
 0001:00002d70       crc32_combine              0000000180003d70 f   crc32.obj
 0001:00003000       crc32_combine64            0000000180004000 f   crc32.obj
 0001:00003500       deflateInit_               0000000180004500 f   deflate.obj
 0001:00003560       deflateInit2_              0000000180004560 f   deflate.obj
 0001:000039c0       deflateSetDictionary       00000001800049c0 f   deflate.obj
 0001:00003e00       deflateGetDictionary       0000000180004e00 f   deflate.obj
 0001:00003ee0       deflateResetKeep           0000000180004ee0 f   deflate.obj
 0001:00004020       deflateReset               0000000180005020 f   deflate.obj
 0001:00004060       deflateSetHeader           0000000180005060 f   deflate.obj
 0001:000040c0       deflatePending             00000001800050c0 f   deflate.obj
 0001:00004130       deflatePrime               0000000180005130 f   deflate.obj
 0001:00004260       deflateParams              0000000180005260 f   deflate.obj
 0001:000045c0       deflateTune                00000001800055c0 f   deflate.obj
 0001:00004650       deflateBound               0000000180005650 f   deflate.obj
 0001:00004850       deflate                    0000000180005850 f   deflate.obj
 0001:00005ea0       deflateEnd                 0000000180006ea0 f   deflate.obj
 0001:00005fe0       deflateCopy                0000000180006fe0 f   deflate.obj
 0001:0000b0d0       gzclose                    000000018000c0d0 f   gzclose.obj
 0001:0000b140       gzopen                     000000018000c140 f   gzlib.obj
 0001:0000b700       gzopen64                   000000018000c700 f   gzlib.obj
 0001:0000b730       gzdopen                    000000018000c730 f   gzlib.obj
 0001:0000b7b0       gzopen_w                   000000018000c7b0 f   gzlib.obj
 0001:0000b7e0       gzbuffer                   000000018000c7e0 f   gzlib.obj
 0001:0000b880       gzrewind                   000000018000c880 f   gzlib.obj
 0001:0000b910       gzseek64                   000000018000c910 f   gzlib.obj
 0001:0000bc20       gzseek                     000000018000cc20 f   gzlib.obj
 0001:0000bc80       gztell64                   000000018000cc80 f   gzlib.obj
 0001:0000bd00       gztell                     000000018000cd00 f   gzlib.obj
 0001:0000bd50       gzoffset64                 000000018000cd50 f   gzlib.obj
 0001:0000be00       gzoffset                   000000018000ce00 f   gzlib.obj
 0001:0000be50       gzeof                      000000018000ce50 f   gzlib.obj
 0001:0000bec0       gzerror                    000000018000cec0 f   gzlib.obj
 0001:0000bf80       gzclearerr                 000000018000cf80 f   gzlib.obj
 0001:0000c000       gz_error                   000000018000d000 f   gzlib.obj
 0001:0000c540       gzread                     000000018000d540 f   gzread.obj
 0001:0000d0f0       gzfread                    000000018000e0f0 f   gzread.obj
 0001:0000d1e0       gzgetc                     000000018000e1e0 f   gzread.obj
 0001:0000d2d0       gzgetc_                    000000018000e2d0 f   gzread.obj
 0001:0000d2f0       gzungetc                   000000018000e2f0 f   gzread.obj
 0001:0000d530       gzgets                     000000018000e530 f   gzread.obj
 0001:0000d750       gzdirect                   000000018000e750 f   gzread.obj
 0001:0000d7b0       gzclose_r                  000000018000e7b0 f   gzread.obj
 0001:0000dd80       gzwrite                    000000018000ed80 f   gzwrite.obj
 0001:0000e640       gzfwrite                   000000018000f640 f   gzwrite.obj
 0001:0000e720       gzputc                     000000018000f720 f   gzwrite.obj
 0001:0000e8a0       gzputs                     000000018000f8a0 f   gzwrite.obj
 0001:0000e940       gzvprintf                  000000018000f940 f   gzwrite.obj
 0001:0000eba0       gzprintf                   000000018000fba0 f   gzwrite.obj
 0001:0000ec00       gzflush                    000000018000fc00 f   gzwrite.obj
 0001:0000ecc0       gzsetparams                000000018000fcc0 f   gzwrite.obj
 0001:0000edf0       gzclose_w                  000000018000fdf0 f   gzwrite.obj
 0001:0000f390       inflateBackInit_           0000000180010390 f   infback.obj
 0001:0000f500       inflateBack                0000000180010500 f   infback.obj
 0001:000111b0       inflateBackEnd             00000001800121b0 f   infback.obj
 0001:000119b0       inflate_fast               00000001800129b0 f   inffas8664.obj
 0001:00011e70       inflateResetKeep           0000000180012e70 f   inflate.obj
 0001:00012030       inflateReset               0000000180013030 f   inflate.obj
 0001:000120a0       inflateReset2              00000001800130a0 f   inflate.obj
 0001:000121a0       inflateInit2_              00000001800131a0 f   inflate.obj
 0001:00012300       inflateInit_               0000000180013300 f   inflate.obj
 0001:00012340       inflatePrime               0000000180013340 f   inflate.obj
 0001:00012420       inflate                    0000000180013420 f   inflate.obj
 0001:000158b0       inflateEnd                 00000001800168b0 f   inflate.obj
 0001:00015940       inflateGetDictionary       0000000180016940 f   inflate.obj
 0001:00015a20       inflateSetDictionary       0000000180016a20 f   inflate.obj
 0001:00015b20       inflateGetHeader           0000000180016b20 f   inflate.obj
 0001:00015b90       inflateSync                0000000180016b90 f   inflate.obj
 0001:00015e60       inflateSyncPoint           0000000180016e60 f   inflate.obj
 0001:00015ed0       inflateCopy                0000000180016ed0 f   inflate.obj
 0001:00016130       inflateUndermine           0000000180017130 f   inflate.obj
 0001:00016180       inflateValidate            0000000180017180 f   inflate.obj
 0001:000161f0       inflateMark                00000001800171f0 f   inflate.obj
 0001:00016290       inflateCodesUsed           0000000180017290 f   inflate.obj
 0001:00017400       inflate_table              0000000180018400 f   inftrees.obj
 0001:00017f10       call_zopen64               0000000180018f10 f   ioapi.obj
 0001:00017f80       call_zseek64               0000000180018f80 f   ioapi.obj
 0001:00018010       call_ztell64               0000000180019010 f   ioapi.obj
 0001:00018080       fill_zlib_filefunc64_32_def_from_filefunc32 0000000180019080 f   ioapi.obj
 0001:00018160       fill_fopen_filefunc        0000000180019160 f   ioapi.obj
 0001:00018470       fill_fopen64_filefunc      0000000180019470 f   ioapi.obj
 0001:00018850       win32_open64_file_func     0000000180019850 f   iowin32.obj
 0001:00018a40       win32_open64_file_funcA    0000000180019a40 f   iowin32.obj
 0001:00018af0       win32_open64_file_funcW    0000000180019af0 f   iowin32.obj
 0001:00018ba0       win32_open_file_func       0000000180019ba0 f   iowin32.obj
 0001:00018c50       win32_read_file_func       0000000180019c50 f   iowin32.obj
 0001:00018d00       win32_write_file_func      0000000180019d00 f   iowin32.obj
 0001:00018db0       win32_tell_file_func       0000000180019db0 f   iowin32.obj
 0001:00018ef0       win32_tell64_file_func     0000000180019ef0 f   iowin32.obj
 0001:00018f90       win32_seek_file_func       0000000180019f90 f   iowin32.obj
 0001:00019080       win32_seek64_file_func     000000018001a080 f   iowin32.obj
 0001:00019170       win32_close_file_func      000000018001a170 f   iowin32.obj
 0001:000191d0       win32_error_file_func      000000018001a1d0 f   iowin32.obj
 0001:00019210       fill_win32_filefunc        000000018001a210 f   iowin32.obj
 0001:000192a0       fill_win32_filefunc64      000000018001a2a0 f   iowin32.obj
 0001:00019330       fill_win32_filefunc64A     000000018001a330 f   iowin32.obj
 0001:000193c0       fill_win32_filefunc64W     000000018001a3c0 f   iowin32.obj
 0001:00019740       _tr_init                   000000018001a740 f   trees.obj
 0001:00019900       _tr_stored_block           000000018001a900 f   trees.obj
 0001:00019b80       _tr_flush_bits             000000018001ab80 f   trees.obj
 0001:00019ba0       _tr_align                  000000018001aba0 f   trees.obj
 0001:00019e80       _tr_flush_block            000000018001ae80 f   trees.obj
 0001:0001c4d0       _tr_tally                  000000018001d4d0 f   trees.obj
 0001:0001e2b0       uncompress2                000000018001f2b0 f   uncompr.obj
 0001:0001e580       uncompress                 000000018001f580 f   uncompr.obj
 0001:0001e680       unzStringFileNameCompare   000000018001f680 f   unzip.obj
 0001:0001e7d0       unzOpen2                   000000018001f7d0 f   unzip.obj
 0001:0001f7c0       unzOpen2_64                00000001800207c0 f   unzip.obj
 0001:0001f870       unzOpen                    0000000180020870 f   unzip.obj
 0001:0001f8a0       unzOpen64                  00000001800208a0 f   unzip.obj
 0001:0001f8d0       unzClose                   00000001800208d0 f   unzip.obj
 0001:0001f950       unzGetGlobalInfo64         0000000180020950 f   unzip.obj
 0001:0001f9c0       unzGetGlobalInfo           00000001800209c0 f   unzip.obj
 0001:0001fa10       unzGetCurrentFileInfo64    0000000180020a10 f   unzip.obj
 0001:00020460       unzGetCurrentFileInfo      0000000180021460 f   unzip.obj
 0001:00020610       unzGoToFirstFile           0000000180021610 f   unzip.obj
 0001:00020700       unzGoToNextFile            0000000180021700 f   unzip.obj
 0001:00020860       unzLocateFile              0000000180021860 f   unzip.obj
 0001:00020a90       unzGetFilePos64            0000000180021a90 f   unzip.obj
 0001:00020b10       unzGetFilePos              0000000180021b10 f   unzip.obj
 0001:00020b60       unzGoToFilePos64           0000000180021b60 f   unzip.obj
 0001:00020c50       unzGoToFilePos             0000000180021c50 f   unzip.obj
 0001:00020ca0       unzOpenCurrentFile3        0000000180021ca0 f   unzip.obj
 0001:00021460       unzOpenCurrentFile         0000000180022460 f   unzip.obj
 0001:00021490       unzOpenCurrentFilePassword 0000000180022490 f   unzip.obj
 0001:000214d0       unzOpenCurrentFile2        00000001800224d0 f   unzip.obj
 0001:00021520       unzGetCurrentFileZStreamPos64 0000000180022520 f   unzip.obj
 0001:00021580       unzReadCurrentFile         0000000180022580 f   unzip.obj
 0001:00021b10       unztell                    0000000180022b10 f   unzip.obj
 0001:00021b70       unztell64                  0000000180022b70 f   unzip.obj
 0001:00021bd0       unzeof                     0000000180022bd0 f   unzip.obj
 0001:00021c40       unzGetLocalExtrafield      0000000180022c40 f   unzip.obj
 0001:00021d80       unzCloseCurrentFile        0000000180022d80 f   unzip.obj
 0001:00021e90       unzGetGlobalComment        0000000180022e90 f   unzip.obj
 0001:00021f90       unzGetOffset64             0000000180022f90 f   unzip.obj
 0001:00022010       unzGetOffset               0000000180023010 f   unzip.obj
 0001:00022050       unzSetOffset64             0000000180023050 f   unzip.obj
 0001:00022140       unzSetOffset               0000000180023140 f   unzip.obj
 0001:00023020       LoadCentralDirectoryRecord 0000000180024020 f   zip.obj
 0001:00024360       zipOpen3                   0000000180025360 f   zip.obj
 0001:000245c0       zipOpen2                   00000001800255c0 f   zip.obj
 0001:00024650       zipOpen2_64                0000000180025650 f   zip.obj
 0001:00024720       zipOpen                    0000000180025720 f   zip.obj
 0001:00024750       zipOpen64                  0000000180025750 f   zip.obj
 0001:00024780       Write_LocalFileHeader      0000000180025780 f   zip.obj
 0001:00024c60       zipOpenNewFileInZip4_64    0000000180025c60 f   zip.obj
 0001:00025af0       zipOpenNewFileInZip4       0000000180026af0 f   zip.obj
 0001:00025bf0       zipOpenNewFileInZip3       0000000180026bf0 f   zip.obj
 0001:00025cf0       zipOpenNewFileInZip3_64    0000000180026cf0 f   zip.obj
 0001:00025df0       zipOpenNewFileInZip2       0000000180026df0 f   zip.obj
 0001:00025ee0       zipOpenNewFileInZip2_64    0000000180026ee0 f   zip.obj
 0001:00025fd0       zipOpenNewFileInZip64      0000000180026fd0 f   zip.obj
 0001:000260c0       zipOpenNewFileInZip        00000001800270c0 f   zip.obj
 0001:000261b0       zipWriteInFileInZip        00000001800271b0 f   zip.obj
 0001:00026620       zipCloseFileInZipRaw       0000000180027620 f   zip.obj
 0001:00026660       zipCloseFileInZipRaw64     0000000180027660 f   zip.obj
 0001:00026e50       zipCloseFileInZip          0000000180027e50 f   zip.obj
 0001:00026e80       Write_Zip64EndOfCentralDirectoryLocator 0000000180027e80 f   zip.obj
 0001:00026f60       Write_Zip64EndOfCentralDirectoryRecord 0000000180027f60 f   zip.obj
 0001:00027160       Write_EndOfCentralDirectoryRecord 0000000180028160 f   zip.obj
 0001:00027390       Write_GlobalComment        0000000180028390 f   zip.obj
 0001:00027440       zipClose                   0000000180028440 f   zip.obj
 0001:00027720       zipRemoveExtraInfoBlock    0000000180028720 f   zip.obj
 0001:00028ae0       zlibVersion                0000000180029ae0 f   zutil.obj
 0001:00028af0       zlibCompileFlags           0000000180029af0 f   zutil.obj
 0001:00028c30       zError                     0000000180029c30 f   zutil.obj
 0001:00028c60       zcalloc                    0000000180029c60 f   zutil.obj
 0001:00028c90       zcfree                     0000000180029c90 f   zutil.obj
 0001:00028d20       CreateFileA                0000000180029d20 f   kernel32:KERNEL32.dll
 0001:00028d26       CloseHandle                0000000180029d26 f   kernel32:KERNEL32.dll
 0001:00028d2c       CreateFileW                0000000180029d2c f   kernel32:KERNEL32.dll
 0001:00028d32       GetLastError               0000000180029d32 f   kernel32:KERNEL32.dll
 0001:00028d38       ReadFile                   0000000180029d38 f   kernel32:KERNEL32.dll
 0001:00028d3e       WriteFile                  0000000180029d3e f   kernel32:KERNEL32.dll
 0001:00028d44       SetFilePointer             0000000180029d44 f   kernel32:KERNEL32.dll
 0001:00028d60       memset                     0000000180029d60 f   LIBCMTD:memset.obj
 0001:00028e60       memmove                    0000000180029e60     LIBCMTD:memcpy.obj
 0001:00028e60       memcpy                     0000000180029e60 f   LIBCMTD:memcpy.obj
 0001:000291a0       _lseeki64                  000000018002a1a0 f   LIBCMTD:lseeki64.obj
 0001:00029430       _lseeki64_nolock           000000018002a430 f   LIBCMTD:lseeki64.obj
 0001:00029560       _wopen                     000000018002a560 f   LIBCMTD:wopen.obj
 0001:00029720       _wsopen_helper             000000018002a720 f   LIBCMTD:wopen.obj
 0001:0002aef0       _invoke_watson_if_error    000000018002bef0 f i LIBCMTD:wopen.obj
 0001:0002af40       _wsopen                    000000018002bf40 f   LIBCMTD:wopen.obj
 0001:0002aff0       _wsopen_s                  000000018002bff0 f   LIBCMTD:wopen.obj
 0001:0002b040       _snprintf                  000000018002c040 f   LIBCMTD:snprintf.obj
 0001:0002b2f0       _snprintf_l                000000018002c2f0 f   LIBCMTD:snprintf.obj
 0001:0002b350       strlen                     000000018002c350 f   LIBCMTD:strlen.obj
 0001:0002b400       _wcstombs_l_helper         000000018002c400 f   LIBCMTD:wcstombs.obj
 0001:0002bbf0       ??0_LocaleUpdate@@QEAA@PEAUlocaleinfo_struct@@@Z 000000018002cbf0 f i LIBCMTD:wcstombs.obj
 0001:0002bd40       ??1_LocaleUpdate@@QEAA@XZ  000000018002cd40 f i LIBCMTD:wcstombs.obj
 0001:0002bd80       ?GetLocaleT@_LocaleUpdate@@QEAAPEAUlocaleinfo_struct@@XZ 000000018002cd80 f i LIBCMTD:wcstombs.obj
 0001:0002be20       _wcstombs_l                000000018002ce20 f   LIBCMTD:wcstombs.obj
 0001:0002be60       wcstombs                   000000018002ce60 f   LIBCMTD:wcstombs.obj
 0001:0002be90       _wcstombs_s_l              000000018002ce90 f   LIBCMTD:wcstombs.obj
 0001:0002c370       wcstombs_s                 000000018002d370 f   LIBCMTD:wcstombs.obj
 0001:0002c3c0       free                       000000018002d3c0 f   LIBCMTD:dbgfree.obj
 0001:0002c3e0       malloc                     000000018002d3e0 f   LIBCMTD:dbgmalloc.obj
 0001:0002c420       strerror                   000000018002d420 f   LIBCMTD:strerror.obj
 0001:0002c500       _get_sys_err_msg           000000018002d500 f i LIBCMTD:strerror.obj
 0001:0002c550       strerror_s                 000000018002d550 f   LIBCMTD:strerror.obj
 0001:0002c710       _dosmaperr                 000000018002d710 f   LIBCMTD:dosmap.obj
 0001:0002c740       _get_errno_from_oserr      000000018002d740 f   LIBCMTD:dosmap.obj
 0001:0002c7d0       _set_errno                 000000018002d7d0 f   LIBCMTD:dosmap.obj
 0001:0002c810       _get_errno                 000000018002d810 f   LIBCMTD:dosmap.obj
 0001:0002c8c0       _set_doserrno              000000018002d8c0 f   LIBCMTD:dosmap.obj
 0001:0002c900       _get_doserrno              000000018002d900 f   LIBCMTD:dosmap.obj
 0001:0002c9b0       _errno                     000000018002d9b0 f   LIBCMTD:dosmap.obj
 0001:0002c9e0       __doserrno                 000000018002d9e0 f   LIBCMTD:dosmap.obj
 0001:0002ca10       memchr                     000000018002da10 f   LIBCMTD:memchr.obj
 0001:0002ca80       _fsopen                    000000018002da80 f   LIBCMTD:fopen.obj
 0001:0002cd20       fopen                      000000018002dd20 f   LIBCMTD:fopen.obj
 0001:0002cd50       fopen_s                    000000018002dd50 f   LIBCMTD:fopen.obj
 0001:0002ce40       fread_s                    000000018002de40 f   LIBCMTD:fread.obj
 0001:0002cf80       _fread_nolock_s            000000018002df80 f   LIBCMTD:fread.obj
 0001:0002d880       fread                      000000018002e880 f   LIBCMTD:fread.obj
 0001:0002d8d0       _fread_nolock              000000018002e8d0 f   LIBCMTD:fread.obj
 0001:0002d920       fwrite                     000000018002e920 f   LIBCMTD:fwrite.obj
 0001:0002da30       _fwrite_nolock             000000018002ea30 f   LIBCMTD:fwrite.obj
 0001:0002e060       ftell                      000000018002f060 f   LIBCMTD:ftell.obj
 0001:0002e130       _ftell_nolock              000000018002f130 f   LIBCMTD:ftell.obj
 0001:0002e4f0       fseek                      000000018002f4f0 f   LIBCMTD:fseek.obj
 0001:0002e680       _fseek_nolock              000000018002f680 f   LIBCMTD:fseek.obj
 0001:0002e7a0       fclose                     000000018002f7a0 f   LIBCMTD:fclose.obj
 0001:0002e8a0       _fclose_nolock             000000018002f8a0 f   LIBCMTD:fclose.obj
 0001:0002e9e0       feof                       000000018002f9e0 f   LIBCMTD:feoferr.obj
 0001:0002ea90       ferror                     000000018002fa90 f   LIBCMTD:feoferr.obj
 0001:0002eb40       _ftelli64                  000000018002fb40 f   LIBCMTD:ftelli64.obj
 0001:0002ec20       _ftelli64_nolock           000000018002fc20 f   LIBCMTD:ftelli64.obj
 0001:0002f2c0       _fseeki64                  00000001800302c0 f   LIBCMTD:fseeki64.obj
 0001:0002f450       _fseeki64_nolock           0000000180030450 f   LIBCMTD:fseeki64.obj
 0001:0002f5e0       strcmp                     00000001800305e0 f   LIBCMTD:strcmp.obj
 0001:0002f6a0       __chkstk                   00000001800306a0 f   LIBCMTD:chkstk.obj
 0001:0002f6a0       _alloca_probe              00000001800306a0     LIBCMTD:chkstk.obj
 0001:0002f6f0       srand                      00000001800306f0 f   LIBCMTD:rand.obj
 0001:0002f710       rand                       0000000180030710 f   LIBCMTD:rand.obj
 0001:0002f760       _time64                    0000000180030760 f   LIBCMTD:time64.obj
 0001:0002f7e0       _CRT_INIT                  00000001800307e0 f   LIBCMTD:dllcrt0.obj
 0001:0002f9c0       _DllMainCRTStartup         00000001800309c0 f   LIBCMTD:dllcrt0.obj
 0001:0002fb60       __C_specific_handler       0000000180030b60 f   LIBCMTD:chandler.obj
 0001:0002fff0       _alloc_osfhnd              0000000180030ff0 f   LIBCMTD:osfinfo.obj
 0001:000302e0       _set_osfhnd                00000001800312e0 f   LIBCMTD:osfinfo.obj
 0001:000303f0       _free_osfhnd               00000001800313f0 f   LIBCMTD:osfinfo.obj
 0001:00030520       _get_osfhandle             0000000180031520 f   LIBCMTD:osfinfo.obj
 0001:00030700       _open_osfhandle            0000000180031700 f   LIBCMTD:osfinfo.obj
 0001:00030970       __lock_fhandle             0000000180031970 f   LIBCMTD:osfinfo.obj
 0001:00030a50       _unlock_fhandle            0000000180031a50 f   LIBCMTD:osfinfo.obj
 0001:00030a90       _ioinit                    0000000180031a90 f   LIBCMTD:ioinit.obj
 0001:00031150       _ioterm                    0000000180032150 f   LIBCMTD:ioinit.obj
 0001:00031230       _initp_misc_invarg         0000000180032230 f   LIBCMTD:invarg.obj
 0001:00031250       _invalid_parameter         0000000180032250 f   LIBCMTD:invarg.obj
 0001:000312e0       _invoke_watson             00000001800322e0 f   LIBCMTD:invarg.obj
 0001:00031330       _call_reportfault          0000000180032330 f   LIBCMTD:invarg.obj
 0001:00031500       _set_invalid_parameter_handler 0000000180032500 f   LIBCMTD:invarg.obj
 0001:00031560       _get_invalid_parameter_handler 0000000180032560 f   LIBCMTD:invarg.obj
 0001:000315a0       ?_invalid_parameter@@YAXPEBG00I_K@Z 00000001800325a0 f   LIBCMTD:invarg.obj
 0001:000315e0       ?_invoke_watson@@YAXPEBG00I_K@Z 00000001800325e0 f   LIBCMTD:invarg.obj
 0001:00031620       _CrtSetReportHookW2        0000000180032620 f   LIBCMTD:dbgrptw.obj
 0001:00031a00       _CrtDbgReportW             0000000180032a00 f   LIBCMTD:dbgrptw.obj
 0001:00031a70       _CrtDbgReportWV            0000000180032a70 f i LIBCMTD:dbgrptw.obj
 0001:00031ac0       __crtMessageWindowW        0000000180032ac0 f   LIBCMTD:dbgrptw.obj
 0001:000320b0       _invoke_watson_if_oneof    00000001800330b0 f i LIBCMTD:dbgrptw.obj
 0001:00032120       ?_CrtDbgReportW@@YAHHPEBGH00ZZ 0000000180033120 f   LIBCMTD:dbgrptw.obj
 0001:00032190       write                      0000000180033190 f   LIBCMTD:write.obj
 0001:00032190       _write                     0000000180033190 f   LIBCMTD:write.obj
 0001:00032410       _write_nolock              0000000180033410 f   LIBCMTD:write.obj
 0001:00033540       _chsize_s                  0000000180034540 f   LIBCMTD:chsize.obj
 0001:00033840       _chsize_nolock             0000000180034840 f   LIBCMTD:chsize.obj
 0001:00033ad0       _chsize                    0000000180034ad0 f   LIBCMTD:chsize.obj
 0001:00033b20       read                       0000000180034b20 f   LIBCMTD:read.obj
 0001:00033b20       _read                      0000000180034b20 f   LIBCMTD:read.obj
 0001:00033e40       _read_nolock               0000000180034e40 f   LIBCMTD:read.obj
 0001:00035640       _close                     0000000180036640 f   LIBCMTD:close.obj
 0001:00035640       close                      0000000180036640 f   LIBCMTD:close.obj
 0001:000358a0       _close_nolock              00000001800368a0 f   LIBCMTD:close.obj
 0001:00035990       _lseek                     0000000180036990 f   LIBCMTD:lseek.obj
 0001:00035c00       _lseek_nolock              0000000180036c00 f   LIBCMTD:lseek.obj
 0001:00035d20       _cinit                     0000000180036d20 f   LIBCMTD:crt0dat.obj
 0001:00035dd0       exit                       0000000180036dd0 f   LIBCMTD:crt0dat.obj
 0001:00035df0       _exit                      0000000180036df0 f   LIBCMTD:crt0dat.obj
 0001:00035e10       _cexit                     0000000180036e10 f   LIBCMTD:crt0dat.obj
 0001:00035e30       _c_exit                    0000000180036e30 f   LIBCMTD:crt0dat.obj
 0001:00035e50       _amsg_exit                 0000000180036e50 f   LIBCMTD:crt0dat.obj
 0001:00035e80       __freeCrtMemory            0000000180036e80 f   LIBCMTD:crt0dat.obj
 0001:00036210       __crtCorExitProcess        0000000180037210 f   LIBCMTD:crt0dat.obj
 0001:00036260       __crtExitProcess           0000000180037260 f   LIBCMTD:crt0dat.obj
 0001:00036280       _lockexit                  0000000180037280 f   LIBCMTD:crt0dat.obj
 0001:000362a0       _unlockexit                00000001800372a0 f   LIBCMTD:crt0dat.obj
 0001:000362c0       _init_pointers             00000001800372c0 f   LIBCMTD:crt0dat.obj
 0001:00036360       _initterm_e                0000000180037360 f   LIBCMTD:crt0dat.obj
 0001:000363c0       _get_wpgmptr               00000001800373c0 f   LIBCMTD:crt0dat.obj
 0001:00036520       _get_pgmptr                0000000180037520 f   LIBCMTD:crt0dat.obj
 0001:00036680       _setmode                   0000000180037680 f   LIBCMTD:setmode.obj
 0001:00036980       _setmode_nolock            0000000180037980 f   LIBCMTD:setmode.obj
 0001:00036cd0       _set_fmode                 0000000180037cd0 f   LIBCMTD:setmode.obj
 0001:00036da0       _get_fmode                 0000000180037da0 f   LIBCMTD:setmode.obj
 0001:00036e60       _flsbuf                    0000000180037e60 f   LIBCMTD:_flsbuf.obj
 0001:000371d0       _output_l                  00000001800381d0 f   LIBCMTD:output.obj
 0001:00038b00       get_int_arg                0000000180039b00 f i LIBCMTD:output.obj
 0001:00038b60       get_int64_arg              0000000180039b60 f i LIBCMTD:output.obj
 0001:00038bd0       get_short_arg              0000000180039bd0 f i LIBCMTD:output.obj
 0001:00038c40       _vsnprintf_l               0000000180039c40 f   LIBCMTD:vsnprint.obj
 0001:00038ed0       _vsnprintf                 0000000180039ed0 f   LIBCMTD:vsnprint.obj
 0001:00038ed0       vsnprintf                  0000000180039ed0 f   LIBCMTD:vsnprint.obj
 0001:00038f10       __GSHandlerCheck           0000000180039f10 f   LIBCMTD:gshandler.obj
 0001:00038f50       __GSHandlerCheckCommon     0000000180039f50 f   LIBCMTD:gshandler.obj
 0001:00039060       __security_check_cookie    000000018003a060 f   LIBCMTD:amdsecgs.obj
 0001:00039080       __updatetmbcinfo           000000018003a080 f   LIBCMTD:mbctype.obj
 0001:00039180       _setmbcp                   000000018003a180 f   LIBCMTD:mbctype.obj
 0001:00039570       _setmbcp_nolock            000000018003a570 f   LIBCMTD:mbctype.obj
 0001:00039fb0       _getmbcp                   000000018003afb0 f   LIBCMTD:mbctype.obj
 0001:0003a030       __initmbctable             000000018003b030 f   LIBCMTD:mbctype.obj
 0001:0003a060       __addlocaleref             000000018003b060 f   LIBCMTD:localref.obj
 0001:0003a1b0       __removelocaleref          000000018003b1b0 f   LIBCMTD:localref.obj
 0001:0003a310       __freetlocinfo             000000018003b310 f   LIBCMTD:localref.obj
 0001:0003a6a0       _updatetlocinfoEx_nolock   000000018003b6a0 f   LIBCMTD:localref.obj
 0001:0003a740       __updatetlocinfo           000000018003b740 f   LIBCMTD:localref.obj
 0001:0003a7e0       _encoded_null              000000018003b7e0 f   LIBCMTD:tidtable.obj
 0001:0003a800       __fls_getvalue             000000018003b800 f   LIBCMTD:tidtable.obj
 0001:0003a820       __get_flsindex             000000018003b820 f   LIBCMTD:tidtable.obj
 0001:0003a830       __set_flsgetvalue          000000018003b830 f   LIBCMTD:tidtable.obj
 0001:0003a840       __fls_setvalue             000000018003b840 f   LIBCMTD:tidtable.obj
 0001:0003a870       _mtinit                    000000018003b870 f   LIBCMTD:tidtable.obj
 0001:0003a940       _mtterm                    000000018003b940 f   LIBCMTD:tidtable.obj
 0001:0003a970       _initptd                   000000018003b970 f   LIBCMTD:tidtable.obj
 0001:0003aa70       _getptd_noexit             000000018003ba70 f   LIBCMTD:tidtable.obj
 0001:0003ab40       _getptd                    000000018003bb40 f   LIBCMTD:tidtable.obj
 0001:0003ab70       _freefls                   000000018003bb70 f   LIBCMTD:tidtable.obj
 0001:0003ad80       _freeptd                   000000018003bd80 f   LIBCMTD:tidtable.obj
 0001:0003add0       __threadid                 000000018003bdd0 f   LIBCMTD:tidtable.obj
 0001:0003ade0       __threadhandle             000000018003bde0 f   LIBCMTD:tidtable.obj
 0001:0003adf0       _malloc_dbg                000000018003bdf0 f   LIBCMTD:dbgheap.obj
 0001:0003ae40       _nh_malloc                 000000018003be40 f   LIBCMTD:dbgheap.obj
 0001:0003ae80       _nh_malloc_dbg             000000018003be80 f   LIBCMTD:dbgheap.obj
 0001:0003afa0       _heap_alloc                000000018003bfa0 f   LIBCMTD:dbgheap.obj
 0001:0003b4a0       _heap_alloc_dbg            000000018003c4a0 f   LIBCMTD:dbgheap.obj
 0001:0003b520       _calloc_dbg_impl           000000018003c520 f   LIBCMTD:dbgheap.obj
 0001:0003b5d0       _calloc_dbg                000000018003c5d0 f   LIBCMTD:dbgheap.obj
 0001:0003b650       _recalloc                  000000018003c650 f   LIBCMTD:dbgheap.obj
 0001:0003b6a0       _realloc_dbg               000000018003c6a0 f   LIBCMTD:dbgheap.obj
 0001:0003bfd0       _recalloc_dbg              000000018003cfd0 f   LIBCMTD:dbgheap.obj
 0001:0003c0d0       _expand                    000000018003d0d0 f   LIBCMTD:dbgheap.obj
 0001:0003c110       _expand_dbg                000000018003d110 f   LIBCMTD:dbgheap.obj
 0001:0003c230       _free_nolock               000000018003d230 f   LIBCMTD:dbgheap.obj
 0001:0003c250       _free_dbg                  000000018003d250 f   LIBCMTD:dbgheap.obj
 0001:0003c290       _free_dbg_nolock           000000018003d290 f   LIBCMTD:dbgheap.obj
 0001:0003c930       _msize                     000000018003d930 f   LIBCMTD:dbgheap.obj
 0001:0003c950       _msize_dbg                 000000018003d950 f   LIBCMTD:dbgheap.obj
 0001:0003cb60       _CrtSetBreakAlloc          000000018003db60 f   LIBCMTD:dbgheap.obj
 0001:0003cb90       _CrtSetDbgBlockType        000000018003db90 f   LIBCMTD:dbgheap.obj
 0001:0003cc50       _CrtSetAllocHook           000000018003dc50 f   LIBCMTD:dbgheap.obj
 0001:0003cc80       _CrtGetAllocHook           000000018003dc80 f   LIBCMTD:dbgheap.obj
 0001:0003cce0       _CrtCheckMemory            000000018003dce0 f   LIBCMTD:dbgheap.obj
 0001:0003d280       _CrtSetDbgFlag             000000018003e280 f   LIBCMTD:dbgheap.obj
 0001:0003d3b0       _CrtDoForAllClientObjects  000000018003e3b0 f   LIBCMTD:dbgheap.obj
 0001:0003d4d0       _CrtIsValidPointer         000000018003e4d0 f   LIBCMTD:dbgheap.obj
 0001:0003d510       _CrtIsValidHeapPointer     000000018003e510 f   LIBCMTD:dbgheap.obj
 0001:0003d570       _CrtIsMemoryBlock          000000018003e570 f   LIBCMTD:dbgheap.obj
 0001:0003d6f0       _CrtReportBlockType        000000018003e6f0 f   LIBCMTD:dbgheap.obj
 0001:0003d730       _CrtSetDumpClient          000000018003e730 f   LIBCMTD:dbgheap.obj
 0001:0003d760       _CrtGetDumpClient          000000018003e760 f   LIBCMTD:dbgheap.obj
 0001:0003d770       _CrtMemCheckpoint          000000018003e770 f   LIBCMTD:dbgheap.obj
 0001:0003d9f0       _CrtMemDifference          000000018003e9f0 f   LIBCMTD:dbgheap.obj
 0001:0003dd00       _CrtMemDumpAllObjectsSince 000000018003ed00 f   LIBCMTD:dbgheap.obj
 0001:0003e3a0       _CrtDumpMemoryLeaks        000000018003f3a0 f   LIBCMTD:dbgheap.obj
 0001:0003e440       _CrtMemDumpStatistics      000000018003f440 f   LIBCMTD:dbgheap.obj
 0001:0003e5d0       _aligned_malloc            000000018003f5d0 f   LIBCMTD:dbgheap.obj
 0001:0003e600       _aligned_malloc_dbg        000000018003f600 f   LIBCMTD:dbgheap.obj
 0001:0003e640       _aligned_realloc           000000018003f640 f   LIBCMTD:dbgheap.obj
 0001:0003e680       _aligned_recalloc          000000018003f680 f   LIBCMTD:dbgheap.obj
 0001:0003e6d0       _aligned_realloc_dbg       000000018003f6d0 f   LIBCMTD:dbgheap.obj
 0001:0003e720       _aligned_recalloc_dbg      000000018003f720 f   LIBCMTD:dbgheap.obj
 0001:0003e780       _aligned_offset_malloc     000000018003f780 f   LIBCMTD:dbgheap.obj
 0001:0003e7c0       _aligned_offset_malloc_dbg 000000018003f7c0 f   LIBCMTD:dbgheap.obj
 0001:0003ea90       _aligned_offset_realloc    000000018003fa90 f   LIBCMTD:dbgheap.obj
 0001:0003eae0       _aligned_offset_recalloc   000000018003fae0 f   LIBCMTD:dbgheap.obj
 0001:0003eb40       _aligned_offset_realloc_dbg 000000018003fb40 f   LIBCMTD:dbgheap.obj
 0001:0003efd0       _aligned_offset_recalloc_dbg 000000018003ffd0 f   LIBCMTD:dbgheap.obj
 0001:0003f0f0       _aligned_free              00000001800400f0 f   LIBCMTD:dbgheap.obj
 0001:0003f110       _aligned_free_dbg          0000000180040110 f   LIBCMTD:dbgheap.obj
 0001:0003f200       _CrtSetDebugFillThreshold  0000000180040200 f   LIBCMTD:dbgheap.obj
 0001:0003f230       _CrtSetCheckCount          0000000180040230 f   LIBCMTD:dbgheap.obj
 0001:0003f250       _CrtGetCheckCount          0000000180040250 f   LIBCMTD:dbgheap.obj
 0001:0003f260       _aligned_msize             0000000180040260 f   LIBCMTD:dbgheap.obj
 0001:0003f290       _aligned_msize_dbg         0000000180040290 f   LIBCMTD:dbgheap.obj
 0001:0003f450       strcpy_s                   0000000180040450 f   LIBCMTD:strcpy_s.obj
 0001:0003f8c0       __sys_nerr                 00000001800408c0 f   LIBCMTD:syserr.obj
 0001:0003f8d0       __sys_errlist              00000001800408d0 f   LIBCMTD:syserr.obj
 0001:0003f8e0       strncpy_s                  00000001800408e0 f   LIBCMTD:strncpy_s.obj
 0001:0003ff20       __iob_func                 0000000180040f20 f   LIBCMTD:_file.obj
 0001:0003ff30       __initstdio                0000000180040f30 f   LIBCMTD:_file.obj
 0001:000400f0       __endstdio                 00000001800410f0 f   LIBCMTD:_file.obj
 0001:00040120       _lock_file                 0000000180041120 f   LIBCMTD:_file.obj
 0001:000401a0       _lock_file2                00000001800411a0 f   LIBCMTD:_file.obj
 0001:000401f0       _unlock_file               00000001800411f0 f   LIBCMTD:_file.obj
 0001:00040270       _unlock_file2              0000000180041270 f   LIBCMTD:_file.obj
 0001:000402c0       _openfile                  00000001800412c0 f   LIBCMTD:_open.obj
 0001:00040d20       _getstream                 0000000180041d20 f   LIBCMTD:stream.obj
 0001:00040fb0       _local_unwind              0000000180041fb0 f   LIBCMTD:jmpuwind.obj
 0001:00040fe0       _NLG_Notify                0000000180041fe0 f   LIBCMTD:jmpuwind.obj
 0001:00041000       __NLG_Dispatch2            0000000180042000 f   LIBCMTD:jmpuwind.obj
 0001:00041010       __NLG_Return2              0000000180042010 f   LIBCMTD:jmpuwind.obj
 0001:00041020       _filbuf                    0000000180042020 f   LIBCMTD:_filbuf.obj
 0001:00041330       _fileno                    0000000180042330 f   LIBCMTD:fileno.obj
 0001:000413e0       memcpy_s                   00000001800423e0 f   LIBCMTD:memcpy_s.obj
 0001:00041630       fflush                     0000000180042630 f   LIBCMTD:fflush.obj
 0001:00041680       _fflush_nolock             0000000180042680 f   LIBCMTD:fflush.obj
 0001:00041700       _flush                     0000000180042700 f   LIBCMTD:fflush.obj
 0001:000417f0       _flushall                  00000001800427f0 f   LIBCMTD:fflush.obj
 0001:00041980       _freebuf                   0000000180042980 f   LIBCMTD:_freebuf.obj
 0001:00041a40       _setenvp                   0000000180042a40 f   LIBCMTD:stdenvp.obj
 0001:00041c50       _setargv                   0000000180042c50 f   LIBCMTD:stdargv.obj
 0001:00041dd0       _set_pgmptr                0000000180042dd0 f i LIBCMTD:stdargv.obj
 0001:00042280       __crtGetEnvironmentStringsA 0000000180043280 f   LIBCMTD:a_env.obj
 0001:000423f0       _RTC_Initialize            00000001800433f0 f   LIBCMTD:_initsect_.obj
 0001:00042430       _RTC_Terminate             0000000180043430 f   LIBCMTD:_initsect_.obj
 0001:00042470       _heap_init                 0000000180043470 f   LIBCMTD:heapinit.obj
 0001:000424e0       _heap_term                 00000001800434e0 f   LIBCMTD:heapinit.obj
 0001:00042510       _get_heap_handle           0000000180043510 f   LIBCMTD:heapinit.obj
 0001:00042560       __security_init_cookie     0000000180043560 f   LIBCMTD:gs_support.obj
 0001:00042670       __CppXcptFilter            0000000180043670 f   LIBCMTD:winxfltr.obj
 0001:000426a0       _XcptFilter                00000001800436a0 f   LIBCMTD:winxfltr.obj
 0001:000429d0       DllMain                    00000001800439d0 f   LIBCMTD:dllmain.obj
 0001:000429f0       _ValidateImageBase         00000001800439f0 f   LIBCMTD:pesect.obj
 0001:00042a70       _FindPESection             0000000180043a70 f   LIBCMTD:pesect.obj
 0001:00042b20       _IsNonwritableInCurrentImage 0000000180043b20 f   LIBCMTD:pesect.obj
 0001:00042bb0       _mtinitlocks               0000000180043bb0 f   LIBCMTD:mlock.obj
 0001:00042c80       _mtdeletelocks             0000000180043c80 f   LIBCMTD:mlock.obj
 0001:00042da0       _mtinitlocknum             0000000180043da0 f   LIBCMTD:mlock.obj
 0001:00042ed0       _lock                      0000000180043ed0 f   LIBCMTD:mlock.obj
 0001:00042f30       _unlock                    0000000180043f30 f   LIBCMTD:mlock.obj
 0001:00042f60       _lockerr_exit              0000000180043f60 f   LIBCMTD:mlock.obj
 0001:00042f90       _CrtDefaultAllocHook       0000000180043f90 f   LIBCMTD:dbghook.obj
 0001:00042fb0       __crt_debugger_hook        0000000180043fb0 f   LIBCMTD:dbghook.obj
 0001:00042fc0       _CrtDbgBreak               0000000180043fc0 f   LIBCMTD:dbgrptt.obj
 0001:00042fd0       _CrtSetReportMode          0000000180043fd0 f   LIBCMTD:dbgrptt.obj
 0001:00043170       _CrtSetReportFile          0000000180044170 f   LIBCMTD:dbgrptt.obj
 0001:000432c0       _CrtSetReportHook          00000001800442c0 f   LIBCMTD:dbgrptt.obj
 0001:000432f0       _CrtGetReportHook          00000001800442f0 f   LIBCMTD:dbgrptt.obj
 0001:00043300       _VCrtDbgReportA            0000000180044300 f   LIBCMTD:dbgrptt.obj
 0001:00043d20       _VCrtDbgReportW            0000000180044d20 f   LIBCMTD:dbgrptt.obj
 0001:000448b0       _initp_misc_winsig         00000001800458b0 f   LIBCMTD:winsig.obj
 0001:000448f0       signal                     00000001800458f0 f   LIBCMTD:winsig.obj
 0001:00044de0       raise                      0000000180045de0 f   LIBCMTD:winsig.obj
 0001:00045220       __get_sigabrt              0000000180046220 f   LIBCMTD:winsig.obj
 0001:00045240       __fpecode                  0000000180046240 f   LIBCMTD:winsig.obj
 0001:00045260       __pxcptinfoptrs            0000000180046260 f   LIBCMTD:winsig.obj
 0001:00045280       __crtMessageBoxW           0000000180046280 f   LIBCMTD:crtmboxw.obj
 0001:00045590       _swprintf                  0000000180046590 f   LIBCMTD:swprintf.obj
 0001:00045880       __swprintf_l               0000000180046880 f   LIBCMTD:swprintf.obj
 0001:000458c0       swprintf_s                 00000001800468c0 f   LIBCMTD:swprintf.obj
 0001:00045910       _snwprintf_s               0000000180046910 f   LIBCMTD:swprintf.obj
 0001:00045970       _swprintf_p                0000000180046970 f   LIBCMTD:swprintf.obj
 0001:000459c0       _swprintf_s_l              00000001800469c0 f   LIBCMTD:swprintf.obj
 0001:00045a10       _snwprintf_s_l             0000000180046a10 f   LIBCMTD:swprintf.obj
 0001:00045a70       _swprintf_p_l              0000000180046a70 f   LIBCMTD:swprintf.obj
 0001:00045ac0       _scwprintf                 0000000180046ac0 f   LIBCMTD:swprintf.obj
 0001:00045b00       _scwprintf_p               0000000180046b00 f   LIBCMTD:swprintf.obj
 0001:00045b40       _scwprintf_l               0000000180046b40 f   LIBCMTD:swprintf.obj
 0001:00045b80       _scwprintf_p_l             0000000180046b80 f   LIBCMTD:swprintf.obj
 0001:00045bc0       wcslen                     0000000180046bc0 f   LIBCMTD:wcslen.obj
 0001:00045c10       wcscpy_s                   0000000180046c10 f   LIBCMTD:wcscpy_s.obj
 0001:000460a0       _putwch                    00000001800470a0 f   LIBCMTD:putwch.obj
 0001:000460e0       _putwch_nolock             00000001800470e0 f   LIBCMTD:putwch.obj
 0001:00046150       _mbtowc_l                  0000000180047150 f   LIBCMTD:mbtowc.obj
 0001:00046480       mbtowc                     0000000180047480 f   LIBCMTD:mbtowc.obj
 0001:000464b0       _isleadbyte_l              00000001800474b0 f i LIBCMTD:_wctype.obj
 0001:00046510       isleadbyte                 0000000180047510 f i LIBCMTD:_wctype.obj
 0001:00046530       _iswalpha_l                0000000180047530 f i LIBCMTD:_wctype.obj
 0001:00046560       iswalpha                   0000000180047560 f i LIBCMTD:_wctype.obj
 0001:00046580       _iswupper_l                0000000180047580 f i LIBCMTD:_wctype.obj
 0001:000465b0       iswupper                   00000001800475b0 f i LIBCMTD:_wctype.obj
 0001:000465d0       _iswlower_l                00000001800475d0 f i LIBCMTD:_wctype.obj
 0001:00046600       iswlower                   0000000180047600 f i LIBCMTD:_wctype.obj
 0001:00046620       _iswdigit_l                0000000180047620 f i LIBCMTD:_wctype.obj
 0001:00046650       iswdigit                   0000000180047650 f i LIBCMTD:_wctype.obj
 0001:00046670       _iswxdigit_l               0000000180047670 f i LIBCMTD:_wctype.obj
 0001:000466a0       iswxdigit                  00000001800476a0 f i LIBCMTD:_wctype.obj
 0001:000466c0       _iswspace_l                00000001800476c0 f i LIBCMTD:_wctype.obj
 0001:000466f0       iswspace                   00000001800476f0 f i LIBCMTD:_wctype.obj
 0001:00046710       _iswpunct_l                0000000180047710 f i LIBCMTD:_wctype.obj
 0001:00046740       iswpunct                   0000000180047740 f i LIBCMTD:_wctype.obj
 0001:00046760       _iswalnum_l                0000000180047760 f i LIBCMTD:_wctype.obj
 0001:00046790       iswalnum                   0000000180047790 f i LIBCMTD:_wctype.obj
 0001:000467b0       _iswprint_l                00000001800477b0 f i LIBCMTD:_wctype.obj
 0001:000467e0       iswprint                   00000001800477e0 f i LIBCMTD:_wctype.obj
 0001:00046800       _iswgraph_l                0000000180047800 f i LIBCMTD:_wctype.obj
 0001:00046830       iswgraph                   0000000180047830 f i LIBCMTD:_wctype.obj
 0001:00046850       _iswcntrl_l                0000000180047850 f i LIBCMTD:_wctype.obj
 0001:00046880       iswcntrl                   0000000180047880 f i LIBCMTD:_wctype.obj
 0001:000468a0       iswascii                   00000001800478a0 f i LIBCMTD:_wctype.obj
 0001:000468d0       _iswcsym_l                 00000001800478d0 f i LIBCMTD:_wctype.obj
 0001:00046920       __iswcsym                  0000000180047920 f i LIBCMTD:_wctype.obj
 0001:00046960       _iswcsymf_l                0000000180047960 f i LIBCMTD:_wctype.obj
 0001:000469b0       __iswcsymf                 00000001800479b0 f i LIBCMTD:_wctype.obj
 0001:000469f0       _isatty                    00000001800479f0 f   LIBCMTD:isatty.obj
 0001:00046af0       _onexit                    0000000180047af0 f   LIBCMTD:onexit.obj
 0001:00046cf0       atexit                     0000000180047cf0 f   LIBCMTD:onexit.obj
 0001:00046d30       __onexitinit               0000000180047d30 f   LIBCMTD:onexit.obj
 0001:00046da0       _initp_misc_cfltcvt_tab    0000000180047da0 f   LIBCMTD:cmiscdat.obj
 0001:00046df0       _FF_MSGBANNER              0000000180047df0 f   LIBCMTD:crt0msg.obj
 0001:00046e40       _GET_RTERRMSG              0000000180047e40 f   LIBCMTD:crt0msg.obj
 0001:00046ea0       _NMSG_WRITE                0000000180047ea0 f   LIBCMTD:crt0msg.obj
 0001:000472c0       _initp_eh_hooks            00000001800482c0 f   LIBCMTD:hooks.obj
 0001:000472f0       ?terminate@@YAXXZ          00000001800482f0 f   LIBCMTD:hooks.obj
 0001:00047320       ?unexpected@@YAXXZ         0000000180048320 f   LIBCMTD:hooks.obj
 0001:00047350       ?_inconsistency@@YAXXZ     0000000180048350 f   LIBCMTD:hooks.obj
 0001:00047380       _initp_misc_rand_s         0000000180048380 f   LIBCMTD:rand_s.obj
 0001:000473a0       rand_s                     00000001800483a0 f   LIBCMTD:rand_s.obj
 0001:00047670       __getlocaleinfo            0000000180048670 f   LIBCMTD:inithelp.obj
 0001:00047a50       _initp_misc_purevirt       0000000180048a50 f   LIBCMTD:inithelp.obj
 0001:00047a70       _initp_heap_handler        0000000180048a70 f   LIBCMTD:handler.obj
 0001:00047a90       ?_set_new_handler@@YAP6AH_K@ZP6AH0@Z@Z 0000000180048a90 f   LIBCMTD:handler.obj
 0001:00047ae0       ?_set_new_handler@@YAP6AH_K@ZH@Z 0000000180048ae0 f   LIBCMTD:handler.obj
 0001:00047b30       ?_query_new_handler@@YAP6AH_K@ZXZ 0000000180048b30 f   LIBCMTD:handler.obj
 0001:00047b50       _callnewh                  0000000180048b50 f   LIBCMTD:handler.obj
 0001:00047b90       _getbuf                    0000000180048b90 f   LIBCMTD:_getbuf.obj
 0001:00047ca0       printf                     0000000180048ca0 f   LIBCMTD:printf.obj
 0001:00047df0       _printf_l                  0000000180048df0 f   LIBCMTD:printf.obj
 0001:00047e30       _printf_s_l                0000000180048e30 f   LIBCMTD:printf.obj
 0001:00047e70       printf_s                   0000000180048e70 f   LIBCMTD:printf.obj
 0001:00047eb0       _printf_p_l                0000000180048eb0 f   LIBCMTD:printf.obj
 0001:00047ef0       _printf_p                  0000000180048ef0 f   LIBCMTD:printf.obj
 0001:00047f30       _set_printf_count_output   0000000180048f30 f   LIBCMTD:printf.obj
 0001:00047fa0       _get_printf_count_output   0000000180048fa0 f   LIBCMTD:printf.obj
 0001:00047fd0       _wctomb_s_l                0000000180048fd0 f   LIBCMTD:wctomb.obj
 0001:00048470       wctomb_s                   0000000180049470 f   LIBCMTD:wctomb.obj
 0001:000484c0       _wctomb_l                  00000001800494c0 f   LIBCMTD:wctomb.obj
 0001:00048570       wctomb                     0000000180049570 f   LIBCMTD:wctomb.obj
 0001:000485e0       __report_gsfailure         00000001800495e0 f   LIBCMTD:gs_report.obj
 0001:00048730       ?_GetEstablisherFrame@@YAPEA_KPEA_KPEAU_xDISPATCHER_CONTEXT@@PEBU_s_FuncInfo@@0@Z 0000000180049730 f   LIBCMTD:trnsctrl.obj
 0001:000488b0       _GetImageBase              00000001800498b0 f   LIBCMTD:trnsctrl.obj
 0001:000488d0       _GetThrowImageBase         00000001800498d0 f   LIBCMTD:trnsctrl.obj
 0001:000488f0       _SetImageBase              00000001800498f0 f   LIBCMTD:trnsctrl.obj
 0001:00048910       _SetThrowImageBase         0000000180049910 f   LIBCMTD:trnsctrl.obj
 0001:00048930       _MoveContext               0000000180049930 f   LIBCMTD:trnsctrl.obj
 0001:00048960       ?_ExecutionInCatch@@YAHPEAU_xDISPATCHER_CONTEXT@@PEBU_s_FuncInfo@@@Z 0000000180049960 f   LIBCMTD:trnsctrl.obj
 0001:00048a40       ?__FrameUnwindToEmptyState@@YAXPEA_KPEAU_xDISPATCHER_CONTEXT@@PEBU_s_FuncInfo@@@Z 0000000180049a40 f   LIBCMTD:trnsctrl.obj
 0001:00048ae0       __CxxFrameHandler3         0000000180049ae0 f   LIBCMTD:trnsctrl.obj
 0001:00048ba0       __CxxFrameHandler2         0000000180049ba0 f   LIBCMTD:trnsctrl.obj
 0001:00048be0       __CxxFrameHandler          0000000180049be0 f   LIBCMTD:trnsctrl.obj
 0001:00048ca0       ?__SehTransFilter@@YAHPEAU_EXCEPTION_POINTERS@@PEAUEHExceptionRecord@@PEA_KPEAU_CONTEXT@@PEAU_xDISPATCHER_CONTEXT@@PEBU_s_FuncInfo@@PEAH@Z 0000000180049ca0 f   LIBCMTD:trnsctrl.obj
 0001:00048d60       _CallSETranslator          0000000180049d60 f   LIBCMTD:trnsctrl.obj
 0001:00048de0       ?_GetRangeOfTrysToCheck@@YAPEBU_s_TryBlockMapEntry@@PEA_KPEBU_s_FuncInfo@@HHPEAI2PEAU_xDISPATCHER_CONTEXT@@@Z 0000000180049de0 f   LIBCMTD:trnsctrl.obj
 0001:00049000       _CreateFrameInfo           000000018004a000 f   LIBCMTD:trnsctrl.obj
 0001:00049080       _IsExceptionObjectToBeDestroyed 000000018004a080 f   LIBCMTD:trnsctrl.obj
 0001:000490e0       _FindAndUnlinkFrame        000000018004a0e0 f   LIBCMTD:trnsctrl.obj
 0001:00049170       _UnwindNestedFrames        000000018004a170 f   LIBCMTD:trnsctrl.obj
 0001:000492b0       __crtLCMapStringA          000000018004a2b0 f   LIBCMTD:a_map.obj
 0001:00049760       _MarkAllocaS               000000018004a760 f i LIBCMTD:a_map.obj
 0001:00049790       _freea                     000000018004a790 f i LIBCMTD:a_map.obj
 0001:00049880       __crtGetStringTypeA        000000018004a880 f   LIBCMTD:a_str.obj
 0001:00049ab0       __init_time                000000018004aab0 f   LIBCMTD:inittime.obj
 0001:0004ae90       __free_lc_time             000000018004be90 f   LIBCMTD:inittime.obj
 0001:0004b5e0       __init_numeric             000000018004c5e0 f   LIBCMTD:initnum.obj
 0001:0004bb20       __free_lconv_num           000000018004cb20 f   LIBCMTD:initnum.obj
 0001:0004bc00       __init_monetary            000000018004cc00 f   LIBCMTD:initmon.obj
 0001:0004c490       __free_lconv_mon           000000018004d490 f   LIBCMTD:initmon.obj
 0001:0004c6a0       localeconv                 000000018004d6a0 f   LIBCMTD:lconv.obj
 0001:0004c700       __pwctype_func             000000018004d700 f   LIBCMTD:ctype.obj
 0001:0004c710       __pctype_func              000000018004d710 f   LIBCMTD:ctype.obj
 0001:0004c770       _malloc_base               000000018004d770 f   LIBCMTD:malloc.obj
 0001:0004c810       _heap_alloc_base           000000018004d810 f i LIBCMTD:malloc.obj
 0001:0004c880       _CrtSetReportHook2         000000018004d880 f   LIBCMTD:dbgrpt.obj
 0001:0004cc60       _CrtDbgReport              000000018004dc60 f   LIBCMTD:dbgrpt.obj
 0001:0004ccd0       _CrtDbgReportV             000000018004dcd0 f i LIBCMTD:dbgrpt.obj
 0001:0004cd20       __crtMessageWindowA        000000018004dd20 f   LIBCMTD:dbgrpt.obj
 0001:0004d310       _expand_base               000000018004e310 f   LIBCMTD:expand.obj
 0001:0004d4e0       _realloc_base              000000018004e4e0 f   LIBCMTD:realloc.obj
 0001:0004d600       _free_base                 000000018004e600 f   LIBCMTD:free.obj
 0001:0004d660       _heapchk                   000000018004e660 f   LIBCMTD:heapchk.obj
 0001:0004d6a0       _heapset                   000000018004e6a0 f   LIBCMTD:heapchk.obj
 0001:0004d6c0       sprintf                    000000018004e6c0 f   LIBCMTD:sprintf.obj
 0001:0004d940       _sprintf_l                 000000018004e940 f   LIBCMTD:sprintf.obj
 0001:0004d980       sprintf_s                  000000018004e980 f   LIBCMTD:sprintf.obj
 0001:0004d9d0       _sprintf_s_l               000000018004e9d0 f   LIBCMTD:sprintf.obj
 0001:0004da20       _snprintf_s                000000018004ea20 f   LIBCMTD:sprintf.obj
 0001:0004da80       _snprintf_s_l              000000018004ea80 f   LIBCMTD:sprintf.obj
 0001:0004dae0       _sprintf_p                 000000018004eae0 f   LIBCMTD:sprintf.obj
 0001:0004db30       _sprintf_p_l               000000018004eb30 f   LIBCMTD:sprintf.obj
 0001:0004db80       _scprintf                  000000018004eb80 f   LIBCMTD:sprintf.obj
 0001:0004dbc0       _scprintf_p                000000018004ebc0 f   LIBCMTD:sprintf.obj
 0001:0004dc00       _scprintf_l                000000018004ec00 f   LIBCMTD:sprintf.obj
 0001:0004dc40       _scprintf_p_l              000000018004ec40 f   LIBCMTD:sprintf.obj
 0001:0004dc80       _chvalidator               000000018004ec80 f   LIBCMTD:isctype.obj
 0001:0004dce0       _chvalidator_l             000000018004ece0 f   LIBCMTD:isctype.obj
 0001:0004ddd0       _isctype_l                 000000018004edd0 f   LIBCMTD:isctype.obj
 0001:0004df70       _isctype                   000000018004ef70 f   LIBCMTD:isctype.obj
 0001:0004dfc0       _fcloseall                 000000018004efc0 f   LIBCMTD:closeall.obj
 0001:0004e0c0       _open                      000000018004f0c0 f   LIBCMTD:open.obj
 0001:0004e0c0       open                       000000018004f0c0 f   LIBCMTD:open.obj
 0001:0004e280       _sopen_helper              000000018004f280 f   LIBCMTD:open.obj
 0001:0004fa50       _sopen                     0000000180050a50 f   LIBCMTD:open.obj
 0001:0004fb00       _sopen_s                   0000000180050b00 f   LIBCMTD:open.obj
 0001:0004fb50       _mbsnbicmp_l               0000000180050b50 f   LIBCMTD:mbsnbicm.obj
 0001:00050250       _mbsnbicmp                 0000000180051250 f   LIBCMTD:mbsnbicm.obj
 0001:00050280       _mbsnbcmp_l                0000000180051280 f   LIBCMTD:mbsnbcmp.obj
 0001:000506f0       _mbsnbcmp                  00000001800516f0 f   LIBCMTD:mbsnbcmp.obj
 0001:00050720       _commit                    0000000180051720 f   LIBCMTD:commit.obj
 0001:00050980       _ismbbkalnum_l             0000000180051980 f   LIBCMTD:ismbbyte.obj
 0001:000509b0       _ismbbkalnum               00000001800519b0 f   LIBCMTD:ismbbyte.obj
 0001:000509e0       _ismbbkprint_l             00000001800519e0 f   LIBCMTD:ismbbyte.obj
 0001:00050a10       _ismbbkprint               0000000180051a10 f   LIBCMTD:ismbbyte.obj
 0001:00050a40       _ismbbkpunct_l             0000000180051a40 f   LIBCMTD:ismbbyte.obj
 0001:00050a70       _ismbbkpunct               0000000180051a70 f   LIBCMTD:ismbbyte.obj
 0001:00050aa0       _ismbbalnum_l              0000000180051aa0 f   LIBCMTD:ismbbyte.obj
 0001:00050ad0       _ismbbalnum                0000000180051ad0 f   LIBCMTD:ismbbyte.obj
 0001:00050b00       _ismbbalpha_l              0000000180051b00 f   LIBCMTD:ismbbyte.obj
 0001:00050b30       _ismbbalpha                0000000180051b30 f   LIBCMTD:ismbbyte.obj
 0001:00050b60       _ismbbgraph_l              0000000180051b60 f   LIBCMTD:ismbbyte.obj
 0001:00050b90       _ismbbgraph                0000000180051b90 f   LIBCMTD:ismbbyte.obj
 0001:00050bc0       _ismbbprint_l              0000000180051bc0 f   LIBCMTD:ismbbyte.obj
 0001:00050bf0       _ismbbprint                0000000180051bf0 f   LIBCMTD:ismbbyte.obj
 0001:00050c20       _ismbbpunct_l              0000000180051c20 f   LIBCMTD:ismbbyte.obj
 0001:00050c50       _ismbbpunct                0000000180051c50 f   LIBCMTD:ismbbyte.obj
 0001:00050c80       _ismbblead_l               0000000180051c80 f   LIBCMTD:ismbbyte.obj
 0001:00050cb0       _ismbblead                 0000000180051cb0 f   LIBCMTD:ismbbyte.obj
 0001:00050ce0       _ismbbtrail_l              0000000180051ce0 f   LIBCMTD:ismbbyte.obj
 0001:00050d10       _ismbbtrail                0000000180051d10 f   LIBCMTD:ismbbyte.obj
 0001:00050d40       _ismbbkana_l               0000000180051d40 f   LIBCMTD:ismbbyte.obj
 0001:00050dd0       _ismbbkana                 0000000180051dd0 f   LIBCMTD:ismbbyte.obj
 0001:00050ec0       __GSHandlerCheck_SEH       0000000180051ec0 f   LIBCMTD:gshandlerseh.obj
 0001:00050f80       _mbstowcs_l_helper         0000000180051f80 f   LIBCMTD:mbstowcs.obj
 0001:000514c0       _mbstowcs_l                00000001800524c0 f   LIBCMTD:mbstowcs.obj
 0001:00051500       mbstowcs                   0000000180052500 f   LIBCMTD:mbstowcs.obj
 0001:00051560       _mbstowcs_s_l              0000000180052560 f   LIBCMTD:mbstowcs.obj
 0001:00051af0       mbstowcs_s                 0000000180052af0 f   LIBCMTD:mbstowcs.obj
 0001:00051b40       strcat_s                   0000000180052b40 f   LIBCMTD:strcat_s.obj
 0001:00052130       _vsnprintf_helper          0000000180053130 f   LIBCMTD:vsnprnc.obj
 0001:00052410       _vsnprintf_c               0000000180053410 f   LIBCMTD:vsnprnc.obj
 0001:00052480       _vsnprintf_c_l             0000000180053480 f   LIBCMTD:vsnprnc.obj
 0001:000524f0       _vsprintf_s_l              00000001800534f0 f   LIBCMTD:vsnprnc.obj
 0001:00052850       vsprintf_s                 0000000180053850 f   LIBCMTD:vsnprnc.obj
 0001:00052890       _vsnprintf_s_l             0000000180053890 f   LIBCMTD:vsnprnc.obj
 0001:00052e10       _vsnprintf_s               0000000180053e10 f   LIBCMTD:vsnprnc.obj
 0001:00052e60       _vsprintf_p                0000000180053e60 f   LIBCMTD:vsnprnc.obj
 0001:00052ed0       _vsprintf_p_l              0000000180053ed0 f   LIBCMTD:vsnprnc.obj
 0001:00052f40       _itoa_s                    0000000180053f40 f   LIBCMTD:xtoas.obj
 0001:00053530       _ltoa_s                    0000000180054530 f   LIBCMTD:xtoas.obj
 0001:00053590       _ultoa_s                   0000000180054590 f   LIBCMTD:xtoas.obj
 0001:000535d0       _i64toa_s                  00000001800545d0 f   LIBCMTD:xtoas.obj
 0001:00053bd0       _ui64toa_s                 0000000180054bd0 f   LIBCMTD:xtoas.obj
 0001:00053c10       wcscat_s                   0000000180054c10 f   LIBCMTD:wcscat_s.obj
 0001:00054210       _vswprintf_helper          0000000180055210 f   LIBCMTD:vswprnc.obj
 0001:00054570       _vswprintf_c               0000000180055570 f   LIBCMTD:vswprnc.obj
 0001:000545e0       _vswprintf_c_l             00000001800555e0 f   LIBCMTD:vswprnc.obj
 0001:00054650       _vswprintf_s_l             0000000180055650 f   LIBCMTD:vswprnc.obj
 0001:000549b0       vswprintf_s                00000001800559b0 f   LIBCMTD:vswprnc.obj
 0001:000549f0       _vsnwprintf_s_l            00000001800559f0 f   LIBCMTD:vswprnc.obj
 0001:00054f70       _vsnwprintf_s              0000000180055f70 f   LIBCMTD:vswprnc.obj
 0001:00054fc0       _vswprintf_p               0000000180055fc0 f   LIBCMTD:vswprnc.obj
 0001:00055030       _vswprintf_p_l             0000000180056030 f   LIBCMTD:vswprnc.obj
 0001:000550a0       _itow_s                    00000001800560a0 f   LIBCMTD:xtows.obj
 0001:000556b0       _ltow_s                    00000001800566b0 f   LIBCMTD:xtows.obj
 0001:00055710       _ultow_s                   0000000180056710 f   LIBCMTD:xtows.obj
 0001:00055750       _i64tow_s                  0000000180056750 f   LIBCMTD:xtows.obj
 0001:00055d70       _ui64tow_s                 0000000180056d70 f   LIBCMTD:xtows.obj
 0001:00055db0       _woutput_l                 0000000180056db0 f   LIBCMTD:woutput.obj
 0001:000573e0       _vswprintf_l               00000001800583e0 f   LIBCMTD:vswprint.obj
 0001:000576c0       _vswprintf                 00000001800586c0 f   LIBCMTD:vswprint.obj
 0001:000576f0       __vswprintf_l              00000001800586f0 f   LIBCMTD:vswprint.obj
 0001:00057730       _vscwprintf_helper         0000000180058730 f   LIBCMTD:vswprint.obj
 0001:00057880       _vscwprintf                0000000180058880 f   LIBCMTD:vswprint.obj
 0001:000578b0       _vscwprintf_l              00000001800588b0 f   LIBCMTD:vswprint.obj
 0001:000578f0       _vscwprintf_p              00000001800588f0 f   LIBCMTD:vswprint.obj
 0001:00057920       _vscwprintf_p_l            0000000180058920 f   LIBCMTD:vswprint.obj
 0001:00057960       __initconout               0000000180058960 f   LIBCMTD:initcon.obj
 0001:000579b0       __termconout               00000001800589b0 f   LIBCMTD:initcon.obj
 0001:000579e0       _iswctype_l                00000001800589e0 f   LIBCMTD:iswctype.obj
 0001:00057a10       iswctype                   0000000180058a10 f   LIBCMTD:iswctype.obj
 0001:00057a90       is_wctype                  0000000180058a90 f   LIBCMTD:iswctype.obj
 0001:00057ac0       _fptrap                    0000000180058ac0 f   LIBCMTD:crt0fp.obj
 0001:00057ae0       _set_error_mode            0000000180058ae0 f   LIBCMTD:errmode.obj
 0001:00057be0       __set_app_type             0000000180058be0 f   LIBCMTD:errmode.obj
 0001:00057bf0       wcsncpy_s                  0000000180058bf0 f   LIBCMTD:wcsncpy_s.obj
 0001:00058250       abort                      0000000180059250 f   LIBCMTD:abort.obj
 0001:000582d0       _set_abort_behavior        00000001800592d0 f   LIBCMTD:abort.obj
 0001:00058310       __crtGetLocaleInfoA        0000000180059310 f   LIBCMTD:a_loc.obj
 0001:00058530       _stbuf                     0000000180059530 f   LIBCMTD:_sftbuf.obj
 0001:000586f0       _ftbuf                     00000001800596f0 f   LIBCMTD:_sftbuf.obj
 0001:000587b0       vprintf_helper             00000001800597b0 f   LIBCMTD:vprintf.obj
 0001:000588d0       _vprintf_l                 00000001800598d0 f   LIBCMTD:vprintf.obj
 0001:00058910       _vprintf_s_l               0000000180059910 f   LIBCMTD:vprintf.obj
 0001:00058950       _vprintf_p_l               0000000180059950 f   LIBCMTD:vprintf.obj
 0001:00058990       vprintf                    0000000180059990 f   LIBCMTD:vprintf.obj
 0001:000589c0       vprintf_s                  00000001800599c0 f   LIBCMTD:vprintf.obj
 0001:000589f0       _vprintf_p                 00000001800599f0 f   LIBCMTD:vprintf.obj
 0001:00058a20       __init_ctype               0000000180059a20 f   LIBCMTD:initctyp.obj
 0001:00059280       ___mb_cur_max_func         000000018005a280 f   LIBCMTD:initctyp.obj
 0001:000592e0       ___mb_cur_max_l_func       000000018005a2e0 f   LIBCMTD:initctyp.obj
 0001:00059320       ___lc_codepage_func        000000018005a320 f   LIBCMTD:initctyp.obj
 0001:00059380       ___lc_collate_cp_func      000000018005a380 f   LIBCMTD:initctyp.obj
 0001:000593e0       ___lc_handle_func          000000018005a3e0 f   LIBCMTD:initctyp.obj
 0001:00059440       ?__StateFromIp@@YAHPEBU_s_FuncInfo@@PEAU_xDISPATCHER_CONTEXT@@_J@Z 000000018005a440 f   LIBCMTD:ehstate.obj
 0001:00059520       ?__StateFromControlPc@@YAHPEBU_s_FuncInfo@@PEAU_xDISPATCHER_CONTEXT@@@Z 000000018005a520 f   LIBCMTD:ehstate.obj
 0001:00059550       ?__GetCurrentState@@YAHPEA_KPEAU_xDISPATCHER_CONTEXT@@PEBU_s_FuncInfo@@@Z 000000018005a550 f   LIBCMTD:ehstate.obj
 0001:000595b0       ?__SetState@@YAXPEA_KPEAU_xDISPATCHER_CONTEXT@@PEBU_s_FuncInfo@@H@Z 000000018005a5b0 f   LIBCMTD:ehstate.obj
 0001:000595e0       ?__SetUnwindTryBlock@@YAXPEA_KPEAU_xDISPATCHER_CONTEXT@@PEBU_s_FuncInfo@@H@Z 000000018005a5e0 f   LIBCMTD:ehstate.obj
 0001:00059650       ?__GetUnwindTryBlock@@YAHPEA_KPEAU_xDISPATCHER_CONTEXT@@PEBU_s_FuncInfo@@@Z 000000018005a650 f   LIBCMTD:ehstate.obj
 0001:000596a0       __InternalCxxFrameHandler  000000018005a6a0 f   LIBCMTD:frame.obj
 0001:0005a250       ??0bad_exception@std@@QEAA@PEBD@Z 000000018005b250 f i LIBCMTD:frame.obj
 0001:0005a290       ??1bad_exception@std@@UEAA@XZ 000000018005b290 f i LIBCMTD:frame.obj
 0001:0005a2c0       ??_Ebad_exception@std@@UEAAPEAXI@Z 000000018005b2c0 f i LIBCMTD:frame.obj
 0001:0005a2c0       ??_Gbad_exception@std@@UEAAPEAXI@Z 000000018005b2c0 f i LIBCMTD:frame.obj
 0001:0005a300       ??0bad_exception@std@@QEAA@AEBV01@@Z 000000018005b300 f i LIBCMTD:frame.obj
 0001:0005a6b0       __TypeMatch                000000018005b6b0 f   LIBCMTD:frame.obj
 0001:0005a870       __FrameUnwindFilter        000000018005b870 f   LIBCMTD:frame.obj
 0001:0005a900       __FrameUnwindToState       000000018005b900 f   LIBCMTD:frame.obj
 0001:0005ac40       __CxxCallCatchBlock        000000018005bc40 f   LIBCMTD:frame.obj
 0001:0005afd0       __BuildCatchObjectHelper   000000018005bfd0 f   LIBCMTD:frame.obj
 0001:0005b350       __BuildCatchObject         000000018005c350 f   LIBCMTD:frame.obj
 0001:0005b490       __DestructExceptionObject  000000018005c490 f   LIBCMTD:frame.obj
 0001:0005b510       __AdjustPointer            000000018005c510 f   LIBCMTD:frame.obj
 0001:0005b590       ?__uncaught_exception@@YA_NXZ 000000018005c590 f   LIBCMTD:frame.obj
 0001:0005b5c0       __CxxExceptionFilter       000000018005c5c0 f   LIBCMTD:frame.obj
 0001:0005b910       __CxxRegisterExceptionObject 000000018005c910 f   LIBCMTD:frame.obj
 0001:0005ba90       __CxxDetectRethrow         000000018005ca90 f   LIBCMTD:frame.obj
 0001:0005bb40       __CxxUnregisterExceptionObject 000000018005cb40 f   LIBCMTD:frame.obj
 0001:0005bcf0       __CxxQueryExceptionSize    000000018005ccf0 f   LIBCMTD:frame.obj
 0001:0005bd00       __CxxCallUnwindDtor        000000018005cd00 f   LIBCMTD:frame.obj
 0001:0005bd20       __CxxCallUnwindDelDtor     000000018005cd20 f   LIBCMTD:frame.obj
 0001:0005bd40       __CxxCallUnwindStdDelDtor  000000018005cd40 f   LIBCMTD:frame.obj
 0001:0005bd60       __CxxCallUnwindVecDtor     000000018005cd60 f   LIBCMTD:frame.obj
 0001:0005bf70       ?_is_exception_typeof@@YAHAEBVtype_info@@PEAU_EXCEPTION_POINTERS@@@Z 000000018005cf70 f   LIBCMTD:frame.obj
 0001:0005c0c0       __crtMessageBoxA           000000018005d0c0 f   LIBCMTD:crtmbox.obj
 0001:0005c3d0       _vsprintf_l                000000018005d3d0 f   LIBCMTD:vsprintf.obj
 0001:0005c640       vsprintf                   000000018005d640 f   LIBCMTD:vsprintf.obj
 0001:0005c670       _vscprintf_helper          000000018005d670 f   LIBCMTD:vsprintf.obj
 0001:0005c7c0       _vscprintf                 000000018005d7c0 f   LIBCMTD:vsprintf.obj
 0001:0005c7f0       _vscprintf_l               000000018005d7f0 f   LIBCMTD:vsprintf.obj
 0001:0005c830       _vscprintf_p               000000018005d830 f   LIBCMTD:vsprintf.obj
 0001:0005c860       _vscprintf_p_l             000000018005d860 f   LIBCMTD:vsprintf.obj
 0001:0005c8a0       ___setlc_active_func       000000018005d8a0 f   LIBCMTD:setlocal.obj
 0001:0005c8b0       ___unguarded_readlc_active_add_func 000000018005d8b0 f   LIBCMTD:setlocal.obj
 0001:0005c8c0       _configthreadlocale        000000018005d8c0 f   LIBCMTD:setlocal.obj
 0001:0005ca20       _locterm                   000000018005da20 f   LIBCMTD:setlocal.obj
 0001:0005ca70       _free_locale               000000018005da70 f   LIBCMTD:setlocal.obj
 0001:0005cb80       __free_locale              000000018005db80 f   LIBCMTD:setlocal.obj
 0001:0005cba0       _create_locale             000000018005dba0 f   LIBCMTD:setlocal.obj
 0001:0005ce70       __create_locale            000000018005de70 f   LIBCMTD:setlocal.obj
 0001:0005ce90       _get_current_locale        000000018005de90 f   LIBCMTD:setlocal.obj
 0001:0005cf70       __get_current_locale       000000018005df70 f   LIBCMTD:setlocal.obj
 0001:0005cf80       setlocale                  000000018005df80 f   LIBCMTD:setlocal.obj
 0001:0005e1b0       _expandlocale              000000018005f1b0 f   LIBCMTD:setlocal.obj
 0001:0005e560       __init_dummy               000000018005f560 f   LIBCMTD:setlocal.obj
 0001:0005e570       _strcats                   000000018005f570 f   LIBCMTD:setlocal.obj
 0001:0005e620       __lc_strtolc               000000018005f620 f   LIBCMTD:setlocal.obj
 0001:0005e8b0       __lc_lctostr               000000018005f8b0 f   LIBCMTD:setlocal.obj
 0001:0005e980       _strnicmp_l                000000018005f980 f   LIBCMTD:strnicmp.obj
 0001:0005ed10       __ascii_strnicmp           000000018005fd10 f   LIBCMTD:strnicmp.obj
 0001:0005ede0       _strnicmp                  000000018005fde0 f   LIBCMTD:strnicmp.obj
 0001:0005f020       strncmp                    0000000180060020 f   LIBCMTD:strncmp.obj
 0001:0005f0e0       _output_s_l                00000001800600e0 f   LIBCMTD:outputs.obj
 0001:00060bb0       _validate_param_reuseA     0000000180061bb0 f   LIBCMTD:outputp.obj
 0001:00060f20       _output_p_l                0000000180061f20 f   LIBCMTD:outputp.obj
 0001:000657f0       get_crtdouble_arg          00000001800667f0 f i LIBCMTD:outputp.obj
 0001:00065860       _woutput_s_l               0000000180066860 f   LIBCMTD:woutputs.obj
 0001:00067030       _validate_param_reuseW     0000000180068030 f   LIBCMTD:woutputp.obj
 0001:000673a0       _woutput_p_l               00000001800683a0 f   LIBCMTD:woutputp.obj
 0001:0006b6e0       fputwc                     000000018006c6e0 f   LIBCMTD:fputwc.obj
 0001:0006b7d0       _fputwc_nolock             000000018006c7d0 f   LIBCMTD:fputwc.obj
 0001:0006bc40       putwc                      000000018006cc40 f   LIBCMTD:fputwc.obj
 0001:0006bc70       ?_ValidateRead@@YAHPEBXI@Z 000000018006cc70 f   LIBCMTD:validate.obj
 0001:0006bca0       ?_ValidateWrite@@YAHPEAXI@Z 000000018006cca0 f   LIBCMTD:validate.obj
 0001:0006bcd0       ?_ValidateExecute@@YAHP6A_JXZ@Z 000000018006ccd0 f   LIBCMTD:validate.obj
 0001:0006bd00       _CxxThrowException         000000018006cd00 f   LIBCMTD:throw.obj
 0001:0006bdc0       ?name@type_info@@QEBAPEBDPEAU__type_info_node@@@Z 000000018006cdc0 f   LIBCMTD:typinfo.obj
 0001:0006bdf0       ??1type_info@@UEAA@XZ      000000018006cdf0 f   LIBCMTD:typinfo.obj
 0001:0006be20       ??_Etype_info@@UEAAPEAXI@Z 000000018006ce20 f i LIBCMTD:typinfo.obj
 0001:0006be20       ??_Gtype_info@@UEAAPEAXI@Z 000000018006ce20 f i LIBCMTD:typinfo.obj
 0001:0006be60       ?_name_internal_method@type_info@@QEBAPEBDPEAU__type_info_node@@@Z 000000018006ce60 f   LIBCMTD:typinfo.obj
 0001:0006be90       ?_type_info_dtor_internal_method@type_info@@QEAAXXZ 000000018006ce90 f   LIBCMTD:typinfo.obj
 0001:0006beb0       ??8type_info@@QEBA_NAEBV0@@Z 000000018006ceb0 f   LIBCMTD:typinfo.obj
 0001:0006bf00       ??9type_info@@QEBA_NAEBV0@@Z 000000018006cf00 f   LIBCMTD:typinfo.obj
 0001:0006bf50       ?before@type_info@@QEBAHAEBV1@@Z 000000018006cf50 f   LIBCMTD:typinfo.obj
 0001:0006bfa0       ?raw_name@type_info@@QEBAPEBDXZ 000000018006cfa0 f   LIBCMTD:typinfo.obj
 0001:0006bfb0       ??0type_info@@AEAA@AEBV0@@Z 000000018006cfb0 f   LIBCMTD:typinfo.obj
 0001:0006bfd0       ??4type_info@@AEAAAEAV0@AEBV0@@Z 000000018006cfd0 f   LIBCMTD:typinfo.obj
 0001:0006bfe0       ??0exception@std@@QEAA@XZ  000000018006cfe0 f   LIBCMTD:stdexcpt.obj
 0001:0006c010       ??_Gexception@std@@UEAAPEAXI@Z 000000018006d010 f i LIBCMTD:stdexcpt.obj
 0001:0006c010       ??_Eexception@std@@UEAAPEAXI@Z 000000018006d010 f i LIBCMTD:stdexcpt.obj
 0001:0006c050       ??0exception@std@@QEAA@AEBQEBD@Z 000000018006d050 f   LIBCMTD:stdexcpt.obj
 0001:0006c0a0       ??0exception@std@@QEAA@AEBQEBDH@Z 000000018006d0a0 f   LIBCMTD:stdexcpt.obj
 0001:0006c0e0       ??0exception@std@@QEAA@AEBV01@@Z 000000018006d0e0 f   LIBCMTD:stdexcpt.obj
 0001:0006c130       ??4exception@std@@QEAAAEAV01@AEBV01@@Z 000000018006d130 f   LIBCMTD:stdexcpt.obj
 0001:0006c1a0       ??1exception@std@@UEAA@XZ  000000018006d1a0 f   LIBCMTD:stdexcpt.obj
 0001:0006c1d0       ?what@exception@std@@UEBAPEBDXZ 000000018006d1d0 f   LIBCMTD:stdexcpt.obj
 0001:0006c210       ?_Copy_str@exception@std@@AEAAXPEBD@Z 000000018006d210 f   LIBCMTD:stdexcpt.obj
 0001:0006c280       ?_Tidy@exception@std@@AEAAXXZ 000000018006d280 f   LIBCMTD:stdexcpt.obj
 0001:0006c2c0       ??0bad_cast@std@@QEAA@PEBD@Z 000000018006d2c0 f   LIBCMTD:stdexcpt.obj
 0001:0006c300       ??_Gbad_cast@std@@UEAAPEAXI@Z 000000018006d300 f i LIBCMTD:stdexcpt.obj
 0001:0006c300       ??_Ebad_cast@std@@UEAAPEAXI@Z 000000018006d300 f i LIBCMTD:stdexcpt.obj
 0001:0006c340       ??0bad_cast@std@@QEAA@AEBV01@@Z 000000018006d340 f   LIBCMTD:stdexcpt.obj
 0001:0006c380       ??1bad_cast@std@@UEAA@XZ   000000018006d380 f   LIBCMTD:stdexcpt.obj
 0001:0006c3b0       ??0bad_typeid@std@@QEAA@PEBD@Z 000000018006d3b0 f   LIBCMTD:stdexcpt.obj
 0001:0006c3f0       ??_Ebad_typeid@std@@UEAAPEAXI@Z 000000018006d3f0 f i LIBCMTD:stdexcpt.obj
 0001:0006c3f0       ??_Gbad_typeid@std@@UEAAPEAXI@Z 000000018006d3f0 f i LIBCMTD:stdexcpt.obj
 0001:0006c430       ??0bad_typeid@std@@QEAA@AEBV01@@Z 000000018006d430 f   LIBCMTD:stdexcpt.obj
 0001:0006c470       ??1bad_typeid@std@@UEAA@XZ 000000018006d470 f   LIBCMTD:stdexcpt.obj
 0001:0006c4a0       ??0__non_rtti_object@std@@QEAA@PEBD@Z 000000018006d4a0 f   LIBCMTD:stdexcpt.obj
 0001:0006c4e0       ??_G__non_rtti_object@std@@UEAAPEAXI@Z 000000018006d4e0 f i LIBCMTD:stdexcpt.obj
 0001:0006c4e0       ??_E__non_rtti_object@std@@UEAAPEAXI@Z 000000018006d4e0 f i LIBCMTD:stdexcpt.obj
 0001:0006c520       ??0__non_rtti_object@std@@QEAA@AEBV01@@Z 000000018006d520 f   LIBCMTD:stdexcpt.obj
 0001:0006c560       ??1__non_rtti_object@std@@UEAA@XZ 000000018006d560 f   LIBCMTD:stdexcpt.obj
 0001:0006c590       ??3@YAXPEAX@Z              000000018006d590 f   LIBCMTD:dbgdel.obj
 0001:0006c660       _CallSettingFrame          000000018006d660 f   LIBCMTD:handlers.obj
 0001:0006c6a0       _GetNextInstrOffset        000000018006d6a0 f   LIBCMTD:handlers.obj
 0001:0006c6b0       __init_collate             000000018006d6b0 f   LIBCMTD:initcoll.obj
 0001:0006c6c0       strcspn                    000000018006d6c0 f   LIBCMTD:strcspn.obj
 0001:0006c7e0       strpbrk                    000000018006d7e0 f   LIBCMTD:strpbrk.obj
 0001:0006c900       memcmp                     000000018006d900 f   LIBCMTD:memcmp.obj
 0001:0006c9d0       __get_qualified_locale     000000018006d9d0 f   LIBCMTD:getqloc.obj
 0001:0006dba0       _tolower                   000000018006eba0 f   LIBCMTD:tolower.obj
 0001:0006dbb0       _tolower_l                 000000018006ebb0 f   LIBCMTD:tolower.obj
 0001:0006de70       tolower                    000000018006ee70 f   LIBCMTD:tolower.obj
 0001:0006dec0       strtol                     000000018006eec0 f   LIBCMTD:strtol.obj
 0001:0006e620       _strtol_l                  000000018006f620 f   LIBCMTD:strtol.obj
 0001:0006e660       strtoul                    000000018006f660 f   LIBCMTD:strtol.obj
 0001:0006e6d0       _strtoul_l                 000000018006f6d0 f   LIBCMTD:strtol.obj
 0001:0006e710       wcstol                     000000018006f710 f   LIBCMTD:wcstol.obj
 0001:0006ec50       _wcstol_l                  000000018006fc50 f   LIBCMTD:wcstol.obj
 0001:0006ec90       wcstoul                    000000018006fc90 f   LIBCMTD:wcstol.obj
 0001:0006ecd0       _wcstoul_l                 000000018006fcd0 f   LIBCMTD:wcstol.obj
 0001:0006ed10       _flswbuf                   000000018006fd10 f   LIBCMTD:_flswbuf.obj
 0001:0006f0a0       ?_Type_info_dtor@type_info@@CAXPEAV1@@Z 00000001800700a0 f   LIBCMTD:typname.obj
 0001:0006f1a0       ?_Name_base@type_info@@CAPEBDPEBV1@PEAU__type_info_node@@@Z 00000001800701a0 f   LIBCMTD:typname.obj
 0001:0006f370       ?_Type_info_dtor_internal@type_info@@CAXPEAV1@@Z 0000000180070370 f   LIBCMTD:typname.obj
 0001:0006f470       __unDNameHelper            0000000180070470 f   LIBCMTD:typname.obj
 0001:0006f4e0       ?_Name_base_internal@type_info@@CAPEBDPEBV1@PEAU__type_info_node@@@Z 00000001800704e0 f   LIBCMTD:typname.obj
 0001:0006f6c0       __clean_type_info_names_internal 00000001800706c0 f   LIBCMTD:typname.obj
 0001:0006f740       _stricmp_l                 0000000180070740 f   LIBCMTD:stricmp.obj
 0001:0006f9c0       __ascii_stricmp            00000001800709c0 f   LIBCMTD:stricmp.obj
 0001:0006fa50       _stricmp                   0000000180070a50 f   LIBCMTD:stricmp.obj
 0001:0006fbd0       atol                       0000000180070bd0 f   LIBCMTD:atox.obj
 0001:0006fbf0       _atol_l                    0000000180070bf0 f   LIBCMTD:atox.obj
 0001:0006fc20       atoi                       0000000180070c20 f   LIBCMTD:atox.obj
 0001:0006fc40       _atoi_l                    0000000180070c40 f   LIBCMTD:atox.obj
 0001:0006fc70       _atoi64                    0000000180070c70 f   LIBCMTD:atox.obj
 0001:0006fc90       _atoi64_l                  0000000180070c90 f   LIBCMTD:atox.obj
 0001:0006fcc0       _wchartodigit              0000000180070cc0 f   LIBCMTD:wchtodig.obj
 0001:00070030       __unDName                  0000000180071030 f   LIBCMTD:undname.obj
 0001:00070110       ?Constructor@_HeapManager@@QEAAXP6APEAX_K@ZP6AXPEAX@Z@Z 0000000180071110 f i LIBCMTD:undname.obj
 0001:00070170       ?Destructor@_HeapManager@@QEAAXXZ 0000000180071170 f i LIBCMTD:undname.obj
 0001:000701d0       __unDNameEx                00000001800711d0 f   LIBCMTD:undname.obj
 0001:000702b0       ??0UnDecorator@@QEAA@PEADPEBDHP6APEADJ@ZK@Z 00000001800712b0 f i LIBCMTD:undname.obj
 0001:00070380       ??BUnDecorator@@QEAAPEADXZ 0000000180071380 f i LIBCMTD:undname.obj
 0001:00070630       ?dbGetString@DName@@QEBAPEADXZ 0000000180071630 f   LIBCMTD:undname.obj
 0001:00070660       ?getDecoratedName@UnDecorator@@CA?AVDName@@XZ 0000000180071660 f   LIBCMTD:undname.obj
 0001:00070a50       ?getSymbolName@UnDecorator@@CA?AVDName@@XZ 0000000180071a50 f i LIBCMTD:undname.obj
 0001:00070ad0       ?getZName@UnDecorator@@CA?AVDName@@_N0@Z 0000000180071ad0 f   LIBCMTD:undname.obj
 0001:00070e50       ?getOperatorName@UnDecorator@@CA?AVDName@@_NPEA_N@Z 0000000180071e50 f i LIBCMTD:undname.obj
 0001:00071ab0       ?getStringEncoding@UnDecorator@@CA?AVDName@@PEADH@Z 0000000180072ab0 f   LIBCMTD:undname.obj
 0001:00071bf0       ?getScope@UnDecorator@@CA?AVDName@@XZ 0000000180072bf0 f   LIBCMTD:undname.obj
 0001:00072070       ?getSignedDimension@UnDecorator@@CA?AVDName@@XZ 0000000180073070 f   LIBCMTD:undname.obj
 0001:00072100       ?getDimension@UnDecorator@@CA?AVDName@@_N@Z 0000000180073100 f   LIBCMTD:undname.obj
 0001:00072490       ?getNumberOfDimensions@UnDecorator@@CAHXZ 0000000180073490 f   LIBCMTD:undname.obj
 0001:000725b0       ?getTemplateName@UnDecorator@@CA?AVDName@@_N@Z 00000001800735b0 f   LIBCMTD:undname.obj
 0001:00072820       ?getTemplateArgumentList@UnDecorator@@CA?AVDName@@XZ 0000000180073820 f   LIBCMTD:undname.obj
 0001:00072b50       ?getTemplateConstant@UnDecorator@@CA?AVDName@@XZ 0000000180073b50 f   LIBCMTD:undname.obj
 0001:000730f0       ?composeDeclaration@UnDecorator@@CA?AVDName@@AEBV2@@Z 00000001800740f0 f i LIBCMTD:undname.obj
 0001:000751d0       ?getTypeEncoding@UnDecorator@@CAHXZ 00000001800761d0 f i LIBCMTD:undname.obj
 0001:00075d70       ?getBasedType@UnDecorator@@CA?AVDName@@XZ 0000000180076d70 f   LIBCMTD:undname.obj
 0001:00075e60       ?getScopedName@UnDecorator@@CA?AVDName@@XZ 0000000180076e60 f   LIBCMTD:undname.obj
[...]
 0002:00014e18       ??_R4exception@std@@6B@    00000001800abe18     LIBCMTD:stdexcpt.obj
 0002:00014e40       ??_R4bad_cast@std@@6B@     00000001800abe40     LIBCMTD:stdexcpt.obj
 0002:00014e68       ??_R3bad_cast@std@@8       00000001800abe68     LIBCMTD:stdexcpt.obj
 0002:00014e80       ??_R2bad_cast@std@@8       00000001800abe80     LIBCMTD:stdexcpt.obj
 0002:00014e98       ??_R1A@?0A@EA@bad_cast@std@@8 00000001800abe98     LIBCMTD:stdexcpt.obj
 0002:00014ec0       ??_R4bad_typeid@std@@6B@   00000001800abec0     LIBCMTD:stdexcpt.obj
 0002:00014ee8       ??_R3bad_typeid@std@@8     00000001800abee8     LIBCMTD:stdexcpt.obj
 0002:00014f00       ??_R2bad_typeid@std@@8     00000001800abf00     LIBCMTD:stdexcpt.obj
 0002:00014f18       ??_R1A@?0A@EA@bad_typeid@std@@8 00000001800abf18     LIBCMTD:stdexcpt.obj
 0002:00014f40       ??_R4__non_rtti_object@std@@6B@ 00000001800abf40     LIBCMTD:stdexcpt.obj
 0002:00014f68       ??_R3__non_rtti_object@std@@8 00000001800abf68     LIBCMTD:stdexcpt.obj
 0002:00014f80       ??_R2__non_rtti_object@std@@8 00000001800abf80     LIBCMTD:stdexcpt.obj
 0002:00014fa0       ??_R1A@?0A@EA@__non_rtti_object@std@@8 00000001800abfa0     LIBCMTD:stdexcpt.obj
 0002:00015160       __rtc_iaa                  00000001800ac160     LIBCMTD:_initsect_.obj
 0002:00015270       __rtc_izz                  00000001800ac270     LIBCMTD:_initsect_.obj
 0002:00015380       __rtc_taa                  00000001800ac380     LIBCMTD:_initsect_.obj
 0002:00015490       __rtc_tzz                  00000001800ac490     LIBCMTD:_initsect_.obj
 0002:00018d48       _TI2?AVbad_exception@std@@ 00000001800afd48     LIBCMTD:frame.obj
 0002:00018d68       _CTA2?AVbad_exception@std@@ 00000001800afd68     LIBCMTD:frame.obj
 0002:00018d80       _CT??_R0?AVbad_exception@std@@@8??0bad_exception@std@@QEAA@AEBV01@@Z24 00000001800afd80     LIBCMTD:frame.obj
 0002:00018da8       _CT??_R0?AVexception@std@@@8??0exception@std@@QEAA@AEBV01@@Z24 00000001800afda8     LIBCMTD:frame.obj
 0003:000009b0       __badioinfo                00000001800b19b0     LIBCMTD:ioinit.obj
 0003:00000a10       _lookuptrailbytes          00000001800b1a10     LIBCMTD:read.obj
 0003:00000b10       __nullstring               00000001800b1b10     LIBCMTD:output.obj
 0003:00000b18       __wnullstring              00000001800b1b18     LIBCMTD:output.obj
 0003:00000b20       __security_cookie          00000001800b1b20     LIBCMTD:gs_cookie.obj
 0003:00000b28       __security_cookie_complement 00000001800b1b28     LIBCMTD:gs_cookie.obj
 0003:00000b30       __initialmbcinfo           00000001800b1b30     LIBCMTD:mbctype.obj
 0003:00000d50       _mbctype                   00000001800b1d50     LIBCMTD:mbctype.obj
 0003:00000e60       _mbcasemap                 00000001800b1e60     LIBCMTD:mbctype.obj
 0003:00000f60       __ptmbcinfo                00000001800b1f60     LIBCMTD:mbctype.obj
 0003:00001060       __globallocalestatus       00000001800b2060     LIBCMTD:glstatus.obj
 0003:00001064       __clocalestr               00000001800b2064     LIBCMTD:nlsdata2.obj
 0003:00001070       __lc_time_c                00000001800b2070     LIBCMTD:nlsdata2.obj
 0003:00001330       __initiallocinfo           00000001800b2330     LIBCMTD:nlsdata2.obj
 0003:00001490       __ptlocinfo                00000001800b2490     LIBCMTD:nlsdata2.obj
 0003:00001498       __initiallocalestructinfo  00000001800b2498     LIBCMTD:nlsdata2.obj
 0003:000014a8       __flsindex                 00000001800b24a8     LIBCMTD:tidtable.obj
 0003:000014b0       _crtDbgFlag                00000001800b24b0     LIBCMTD:dbgheap.obj
 0003:000014b8       __crtDebugFillThreshold    00000001800b24b8     LIBCMTD:dbgheap.obj
 0003:000014c0       _crtBreakAlloc             00000001800b24c0     LIBCMTD:dbgheap.obj
 0003:000014d0       _sys_errlist               00000001800b24d0     LIBCMTD:syserr.obj
 0003:00001630       _sys_nerr                  00000001800b2630     LIBCMTD:syserr.obj
 0003:00001640       _iob                       00000001800b2640     LIBCMTD:_file.obj
 0003:00001c40       _pfnAllocHook              00000001800b2c40     LIBCMTD:dbghook.obj
 0003:00001c48       _crtAssertBusy             00000001800b2c48     LIBCMTD:dbgrptt.obj
 0003:00001c50       _CrtDbgMode                00000001800b2c50     LIBCMTD:dbgrptt.obj
 0003:00001c60       _CrtDbgFile                00000001800b2c60     LIBCMTD:dbgrptt.obj
 0003:00001c80       _cfltcvt_tab               00000001800b2c80     LIBCMTD:cmiscdat.obj
 0003:00001cd0       __lconv_static_decimal     00000001800b2cd0     LIBCMTD:lconv.obj
 0003:00001cd4       __lconv_static_W_decimal   00000001800b2cd4     LIBCMTD:lconv.obj
 0003:00001cd8       __lconv                    00000001800b2cd8     LIBCMTD:lconv.obj
 0003:00001ce0       __lconv_c                  00000001800b2ce0     LIBCMTD:lconv.obj
 0003:00001d78       _pctype                    00000001800b2d78     LIBCMTD:ctype.obj
 0003:00001d80       _pwctype                   00000001800b2d80     LIBCMTD:ctype.obj
 0003:00001d90       _confh                     00000001800b2d90     LIBCMTD:initcon.obj
 0003:00001d98       __abort_behavior           00000001800b2d98     LIBCMTD:abort.obj
 0003:00001da0       ??_R0?AVbad_exception@std@@@8 00000001800b2da0     LIBCMTD:frame.obj
 0003:00001dc8       ??_R0?AVexception@std@@@8  00000001800b2dc8     LIBCMTD:frame.obj
 0003:00001e00       ??_R0?AVtype_info@@@8      00000001800b2e00     LIBCMTD:typinfo.obj
 0003:00001e20       ??_R0?AVbad_cast@std@@@8   00000001800b2e20     LIBCMTD:stdexcpt.obj
 0003:00001e48       ??_R0?AVbad_typeid@std@@@8 00000001800b2e48     LIBCMTD:stdexcpt.obj
 0003:00001e70       ??_R0?AV__non_rtti_object@std@@@8 00000001800b2e70     LIBCMTD:stdexcpt.obj
 0003:00001ea0       __mb_cur_max               00000001800b2ea0     LIBCMTD:nlsdata1.obj
 0003:00001ea4       __decimal_point            00000001800b2ea4     LIBCMTD:nlsdata1.obj
 0003:00001ea8       __decimal_point_length     00000001800b2ea8     LIBCMTD:nlsdata1.obj
 0003:00002454       __error_mode               00000001800b3454     LIBCMTD:dllcrt0.obj
 0003:00002458       _aenvptr                   00000001800b3458     LIBCMTD:dllcrt0.obj
 0003:00002460       _wenvptr                   00000001800b3460     LIBCMTD:dllcrt0.obj
 0003:00002468       __app_type                 00000001800b3468     LIBCMTD:dllcrt0.obj
 0003:00002470       __pInvalidArgHandler       00000001800b3470     LIBCMTD:invarg.obj
 0003:00002478       _umaskval                  00000001800b3478     LIBCMTD:crt0dat.obj
 0003:0000247c       __argc                     00000001800b347c     LIBCMTD:crt0dat.obj
 0003:00002480       __argv                     00000001800b3480     LIBCMTD:crt0dat.obj
 0003:00002488       __wargv                    00000001800b3488     LIBCMTD:crt0dat.obj
 0003:00002490       _environ                   00000001800b3490     LIBCMTD:crt0dat.obj
 0003:00002498       __initenv                  00000001800b3498     LIBCMTD:crt0dat.obj
 0003:000024a0       _wenviron                  00000001800b34a0     LIBCMTD:crt0dat.obj
 0003:000024a8       __winitenv                 00000001800b34a8     LIBCMTD:crt0dat.obj
 0003:000024b0       _pgmptr                    00000001800b34b0     LIBCMTD:crt0dat.obj
 0003:000024b8       _wpgmptr                   00000001800b34b8     LIBCMTD:crt0dat.obj
 0003:000024c0       _exitflag                  00000001800b34c0     LIBCMTD:crt0dat.obj
 0003:000024c4       _C_Termination_Done        00000001800b34c4     LIBCMTD:crt0dat.obj
 0003:000024c8       _C_Exit_Done               00000001800b34c8     LIBCMTD:crt0dat.obj
 0003:000024d8       __mbulinfo                 00000001800b34d8     LIBCMTD:mbctype.obj
 0003:000024e4       __mbcodepage               00000001800b34e4     LIBCMTD:mbctype.obj
 0003:000024e8       __ismbcodepage             00000001800b34e8     LIBCMTD:mbctype.obj
 0003:000024ec       __mblcid                   00000001800b34ec     LIBCMTD:mbctype.obj
 0003:00002518       ?_pfnDumpClient@@3P6AXPEAX_K@ZEA 00000001800b3518     LIBCMTD:dbgheap.obj
 0003:00002528       __crtDebugCheckCount       00000001800b3528     LIBCMTD:dbgheap.obj
 0003:00002530       _newmode                   00000001800b3530     LIBCMTD:_newmode.obj
 0003:00002534       _cflush                    00000001800b3534     LIBCMTD:_file.obj
 0003:00002648       _crtheap                   00000001800b3648     LIBCMTD:heapinit.obj
 0003:00002f28       ?__pInconsistency@@3P6AXXZEA 00000001800b3f28     LIBCMTD:hooks.obj
 0003:00002f38       __pPurecall                00000001800b3f38     LIBCMTD:inithelp.obj
 0003:00002f40       ?_pnhHeap@@3P6AH_K@ZEA     00000001800b3f40     LIBCMTD:handler.obj
 0003:00002f48       _fmode                     00000001800b3f48     LIBCMTD:txtmode.obj
 0003:000034d0       __lconv_static_null        00000001800b44d0     LIBCMTD:lconv.obj
 0003:000034d4       __lconv_static_W_null      00000001800b44d4     LIBCMTD:lconv.obj
 0003:000034d8       _commode                   00000001800b44d8     LIBCMTD:ncommode.obj
 0003:000034e0       _stdbuf                    00000001800b44e0     LIBCMTD:_sftbuf.obj
 0003:00003518       __locale_changed           00000001800b4518     LIBCMTD:setlocal.obj
 0003:00003530       ?pArgList@UnDecorator@@0PEAVReplicator@@EA 00000001800b4530     LIBCMTD:undname.obj
 0003:00003560       ?pZNameList@UnDecorator@@0PEAVReplicator@@EA 00000001800b4560     LIBCMTD:undname.obj
 0003:00003568       ?pTemplateArgList@UnDecorator@@0PEAVReplicator@@EA 00000001800b4568     LIBCMTD:undname.obj
 0003:00003570       ?gName@UnDecorator@@0PEBDEB 00000001800b4570     LIBCMTD:undname.obj
 0003:00003578       ?name@UnDecorator@@0PEBDEB 00000001800b4578     LIBCMTD:undname.obj
 0003:00003580       ?outputString@UnDecorator@@0PEADEA 00000001800b4580     LIBCMTD:undname.obj
 0003:00003588       ?maxStringLength@UnDecorator@@0HA 00000001800b4588     LIBCMTD:undname.obj
 0003:0000358c       ?disableFlags@UnDecorator@@0KA 00000001800b458c     LIBCMTD:undname.obj
 0003:00003590       ?m_pGetParameter@UnDecorator@@0P6APEADJ@ZEA 00000001800b4590     LIBCMTD:undname.obj
 0003:00003598       ?fExplicitTemplateParams@UnDecorator@@0_NA 00000001800b4598     LIBCMTD:undname.obj
 0003:00003599       ?fGetTemplateArgumentList@UnDecorator@@0_NA 00000001800b4599     LIBCMTD:undname.obj
 0003:000035f0       ?nodes@?1??make@DNameStatusNode@@SAPEAV2@W4DNameStatus@@@Z@4PAV2@A 00000001800b45f0     LIBCMTD:undname.obj
 0003:00003630       ??_B?1??make@DNameStatusNode@@SAPEAV1@W4DNameStatus@@@Z@51 00000001800b4630     LIBCMTD:undname.obj
 0003:00003634       __setlc_active             00000001800b4634     <common>
 0003:00003644       __unguarded_readlc_active  00000001800b4644     <common>
 0003:00003648       _pfnReportHook             00000001800b4648     <common>
 0003:00003660       _pReportHookListW          00000001800b4660     <common>
 0003:00003668       _pReportHookList           00000001800b4668     <common>
 0003:00003670       _debugger_hook_dummy       00000001800b4670     <common>
 0003:00003680       __piob                     00000001800b4680     <common>
 0003:000039e0       _bufin                     00000001800b49e0     <common>
 0003:000049e0       _nstream                   00000001800b59e0     <common>
 0003:000049e4       __env_initialized          00000001800b59e4     <common>
 0003:000049f8       __onexitend                00000001800b59f8     <common>
 0003:00004a00       __onexitbegin              00000001800b5a00     <common>
 0003:00004a08       __mbctype_initialized      00000001800b5a08     <common>
 0003:00004a10       _FPinit                    00000001800b5a10     <common>
 0003:00004a18       __dyn_tls_init_callback    00000001800b5a18     <common>
 0003:00004a20       _nhandle                   00000001800b5a20     <common>
 0003:00004aa0       __pioinfo                  00000001800b5aa0     <common>
 0003:00004ca0       _acmdln                    00000001800b5ca0     <common>
 0005:00000000       __IMPORT_DESCRIPTOR_KERNEL32 00000001800ba000     kernel32:KERNEL32.dll
 0005:00000014       __NULL_IMPORT_DESCRIPTOR   00000001800ba014     kernel32:KERNEL32.dll
 0005:000003a0       __imp_CreateFileA          00000001800ba3a0     kernel32:KERNEL32.dll
 0005:000003a8       __imp_CloseHandle          00000001800ba3a8     kernel32:KERNEL32.dll
 0005:000003b0       __imp_CreateFileW          00000001800ba3b0     kernel32:KERNEL32.dll
 0005:000003b8       __imp_GetLastError         00000001800ba3b8     kernel32:KERNEL32.dll
 0005:000003c0       __imp_ReadFile             00000001800ba3c0     kernel32:KERNEL32.dll
 0005:000003c8       __imp_WriteFile            00000001800ba3c8     kernel32:KERNEL32.dll
 0005:000003d0       __imp_SetFilePointer       00000001800ba3d0     kernel32:KERNEL32.dll
 0005:000003d8       __imp_GetFileType          00000001800ba3d8     kernel32:KERNEL32.dll
 0005:000003e0       __imp_WideCharToMultiByte  00000001800ba3e0     kernel32:KERNEL32.dll
 0005:000003e8       __imp_GetSystemTimeAsFileTime 00000001800ba3e8     kernel32:KERNEL32.dll
 0005:000003f0       __imp_GetCurrentThreadId   00000001800ba3f0     kernel32:KERNEL32.dll
 0005:000003f8       __imp_FlsSetValue          00000001800ba3f8     kernel32:KERNEL32.dll
 0005:00000400       __imp_GetCommandLineA      00000001800ba400     kernel32:KERNEL32.dll
 0005:00000408       __imp_RtlUnwindEx          00000001800ba408     kernel32:KERNEL32.dll
 0005:00000410       __imp_LeaveCriticalSection 00000001800ba410     kernel32:KERNEL32.dll
 0005:00000418       __imp_EnterCriticalSection 00000001800ba418     kernel32:KERNEL32.dll
 0005:00000420       __imp_InitializeCriticalSectionAndSpinCount 00000001800ba420     kernel32:KERNEL32.dll
 0005:00000428       __imp_SetStdHandle         00000001800ba428     kernel32:KERNEL32.dll
 0005:00000430       __imp_SetHandleCount       00000001800ba430     kernel32:KERNEL32.dll
 0005:00000438       __imp_GetStdHandle         00000001800ba438     kernel32:KERNEL32.dll
 0005:00000440       __imp_GetStartupInfoW      00000001800ba440     kernel32:KERNEL32.dll
 0005:00000448       __imp_DeleteCriticalSection 00000001800ba448     kernel32:KERNEL32.dll
 0005:00000450       __imp_DecodePointer        00000001800ba450     kernel32:KERNEL32.dll
 0005:00000458       __imp_TerminateProcess     00000001800ba458     kernel32:KERNEL32.dll
 0005:00000460       __imp_GetCurrentProcess    00000001800ba460     kernel32:KERNEL32.dll
 0005:00000468       __imp_UnhandledExceptionFilter 00000001800ba468     kernel32:KERNEL32.dll
 0005:00000470       __imp_SetUnhandledExceptionFilter 00000001800ba470     kernel32:KERNEL32.dll
 0005:00000478       __imp_IsDebuggerPresent    00000001800ba478     kernel32:KERNEL32.dll
 0005:00000480       __imp_RtlVirtualUnwind     00000001800ba480     kernel32:KERNEL32.dll
 0005:00000488       __imp_RtlLookupFunctionEntry 00000001800ba488     kernel32:KERNEL32.dll
 0005:00000490       __imp_RtlCaptureContext    00000001800ba490     kernel32:KERNEL32.dll
 0005:00000498       __imp_EncodePointer        00000001800ba498     kernel32:KERNEL32.dll
 0005:000004a0       __imp_GetModuleFileNameW   00000001800ba4a0     kernel32:KERNEL32.dll
 0005:000004a8       __imp_GetConsoleCP         00000001800ba4a8     kernel32:KERNEL32.dll
 0005:000004b0       __imp_GetConsoleMode       00000001800ba4b0     kernel32:KERNEL32.dll
 0005:000004b8       __imp_SetEndOfFile         00000001800ba4b8     kernel32:KERNEL32.dll
 0005:000004c0       __imp_HeapFree             00000001800ba4c0     kernel32:KERNEL32.dll
 0005:000004c8       __imp_HeapAlloc            00000001800ba4c8     kernel32:KERNEL32.dll
 0005:000004d0       __imp_GetProcessHeap       00000001800ba4d0     kernel32:KERNEL32.dll
 0005:000004d8       __imp_MultiByteToWideChar  00000001800ba4d8     kernel32:KERNEL32.dll
 0005:000004e0       __imp_GetProcAddress       00000001800ba4e0     kernel32:KERNEL32.dll
 0005:000004e8       __imp_GetModuleHandleW     00000001800ba4e8     kernel32:KERNEL32.dll
 0005:000004f0       __imp_ExitProcess          00000001800ba4f0     kernel32:KERNEL32.dll
 0005:000004f8       __imp_GetACP               00000001800ba4f8     kernel32:KERNEL32.dll
 0005:00000500       __imp_GetOEMCP             00000001800ba500     kernel32:KERNEL32.dll
 0005:00000508       __imp_GetCPInfo            00000001800ba508     kernel32:KERNEL32.dll
 0005:00000510       __imp_IsValidCodePage      00000001800ba510     kernel32:KERNEL32.dll
 0005:00000518       __imp_FlsGetValue          00000001800ba518     kernel32:KERNEL32.dll
 0005:00000520       __imp_FlsAlloc             00000001800ba520     kernel32:KERNEL32.dll
 0005:00000528       __imp_FlsFree              00000001800ba528     kernel32:KERNEL32.dll
 0005:00000530       __imp_SetLastError         00000001800ba530     kernel32:KERNEL32.dll
 0005:00000538       __imp_GetCurrentThread     00000001800ba538     kernel32:KERNEL32.dll
 0005:00000540       __imp_HeapSize             00000001800ba540     kernel32:KERNEL32.dll
 0005:00000548       __imp_HeapValidate         00000001800ba548     kernel32:KERNEL32.dll
 0005:00000550       __imp_IsBadReadPtr         00000001800ba550     kernel32:KERNEL32.dll
 0005:00000558       __imp_GetModuleFileNameA   00000001800ba558     kernel32:KERNEL32.dll
 0005:00000560       __imp_FreeEnvironmentStringsW 00000001800ba560     kernel32:KERNEL32.dll
 0005:00000568       __imp_GetEnvironmentStringsW 00000001800ba568     kernel32:KERNEL32.dll
 0005:00000570       __imp_HeapSetInformation   00000001800ba570     kernel32:KERNEL32.dll
 0005:00000578       __imp_GetVersion           00000001800ba578     kernel32:KERNEL32.dll
 0005:00000580       __imp_HeapCreate           00000001800ba580     kernel32:KERNEL32.dll
 0005:00000588       __imp_HeapDestroy          00000001800ba588     kernel32:KERNEL32.dll
 0005:00000590       __imp_QueryPerformanceCounter 00000001800ba590     kernel32:KERNEL32.dll
 0005:00000598       __imp_GetTickCount         00000001800ba598     kernel32:KERNEL32.dll
 0005:000005a0       __imp_GetCurrentProcessId  00000001800ba5a0     kernel32:KERNEL32.dll
 0005:000005a8       __imp_FatalAppExitA        00000001800ba5a8     kernel32:KERNEL32.dll
 0005:000005b0       __imp_OutputDebugStringA   00000001800ba5b0     kernel32:KERNEL32.dll
 0005:000005b8       __imp_WriteConsoleW        00000001800ba5b8     kernel32:KERNEL32.dll
 0005:000005c0       __imp_OutputDebugStringW   00000001800ba5c0     kernel32:KERNEL32.dll
 0005:000005c8       __imp_SetConsoleCtrlHandler 00000001800ba5c8     kernel32:KERNEL32.dll
 0005:000005d0       __imp_LoadLibraryW         00000001800ba5d0     kernel32:KERNEL32.dll
 0005:000005d8       __imp_FreeLibrary          00000001800ba5d8     kernel32:KERNEL32.dll
 0005:000005e0       __imp_GetLocaleInfoW       00000001800ba5e0     kernel32:KERNEL32.dll
 0005:000005e8       __imp_LCMapStringW         00000001800ba5e8     kernel32:KERNEL32.dll
 0005:000005f0       __imp_GetStringTypeW       00000001800ba5f0     kernel32:KERNEL32.dll
 0005:000005f8       __imp_HeapReAlloc          00000001800ba5f8     kernel32:KERNEL32.dll
 0005:00000600       __imp_HeapQueryInformation 00000001800ba600     kernel32:KERNEL32.dll
 0005:00000608       __imp_FlushFileBuffers     00000001800ba608     kernel32:KERNEL32.dll
 0005:00000610       __imp_RaiseException       00000001800ba610     kernel32:KERNEL32.dll
 0005:00000618       __imp_RtlPcToFileHeader    00000001800ba618     kernel32:KERNEL32.dll
 0005:00000620       __imp_GetLocaleInfoA       00000001800ba620     kernel32:KERNEL32.dll
 0005:00000628       __imp_IsValidLocale        00000001800ba628     kernel32:KERNEL32.dll
 0005:00000630       __imp_EnumSystemLocalesA   00000001800ba630     kernel32:KERNEL32.dll
 0005:00000638       __imp_GetUserDefaultLCID   00000001800ba638     kernel32:KERNEL32.dll
 0005:00000640       \177KERNEL32_NULL_THUNK_DATA 00000001800ba640     kernel32:KERNEL32.dll

 entry point at        0001:0002f9c0

